Archive member included to satisfy reference by file (symbol)

c:/program files (x86)/gnu tools arm embedded/8 2019-q3-update/bin/../lib/gcc/arm-none-eabi/8.3.1/../../../../arm-none-eabi/lib/thumb/v7-m/nofp\libc_nano.a(lib_a-exit.o)
                              c:/program files (x86)/gnu tools arm embedded/8 2019-q3-update/bin/../lib/gcc/arm-none-eabi/8.3.1/../../../../arm-none-eabi/lib/thumb/v7-m/nofp/crt0.o (exit)
c:/program files (x86)/gnu tools arm embedded/8 2019-q3-update/bin/../lib/gcc/arm-none-eabi/8.3.1/../../../../arm-none-eabi/lib/thumb/v7-m/nofp\libc_nano.a(lib_a-impure.o)
                              c:/program files (x86)/gnu tools arm embedded/8 2019-q3-update/bin/../lib/gcc/arm-none-eabi/8.3.1/../../../../arm-none-eabi/lib/thumb/v7-m/nofp\libc_nano.a(lib_a-exit.o) (_global_impure_ptr)
c:/program files (x86)/gnu tools arm embedded/8 2019-q3-update/bin/../lib/gcc/arm-none-eabi/8.3.1/../../../../arm-none-eabi/lib/thumb/v7-m/nofp\libc_nano.a(lib_a-init.o)
                              c:/program files (x86)/gnu tools arm embedded/8 2019-q3-update/bin/../lib/gcc/arm-none-eabi/8.3.1/../../../../arm-none-eabi/lib/thumb/v7-m/nofp/crt0.o (__libc_init_array)
c:/program files (x86)/gnu tools arm embedded/8 2019-q3-update/bin/../lib/gcc/arm-none-eabi/8.3.1/../../../../arm-none-eabi/lib/thumb/v7-m/nofp\libc_nano.a(lib_a-memcpy-stub.o)
                              build/queue.o (memcpy)
c:/program files (x86)/gnu tools arm embedded/8 2019-q3-update/bin/../lib/gcc/arm-none-eabi/8.3.1/../../../../arm-none-eabi/lib/thumb/v7-m/nofp\libc_nano.a(lib_a-memset.o)
                              c:/program files (x86)/gnu tools arm embedded/8 2019-q3-update/bin/../lib/gcc/arm-none-eabi/8.3.1/../../../../arm-none-eabi/lib/thumb/v7-m/nofp/crt0.o (memset)
c:/program files (x86)/gnu tools arm embedded/8 2019-q3-update/bin/../lib/gcc/arm-none-eabi/8.3.1/../../../../arm-none-eabi/lib/thumb/v7-m/nofp\libnosys.a(_exit.o)
                              c:/program files (x86)/gnu tools arm embedded/8 2019-q3-update/bin/../lib/gcc/arm-none-eabi/8.3.1/../../../../arm-none-eabi/lib/thumb/v7-m/nofp\libc_nano.a(lib_a-exit.o) (_exit)

Allocating common symbols
Common symbol       size              file

htim4               0x48              build/stm32f1xx_hal_timebase_tim.o
servo02Handle       0x4               build/main.o
uwTick              0x4               build/stm32f1xx_hal.o
xQueueRegistry      0x40              build/queue.o
pFlash              0x20              build/stm32f1xx_hal_flash.o
servo01Handle       0x4               build/main.o
htim2               0x48              build/main.o

Discarded input sections

 .text          0x00000000        0x0 c:/program files (x86)/gnu tools arm embedded/8 2019-q3-update/bin/../lib/gcc/arm-none-eabi/8.3.1/thumb/v7-m/nofp/crti.o
 .data          0x00000000        0x0 c:/program files (x86)/gnu tools arm embedded/8 2019-q3-update/bin/../lib/gcc/arm-none-eabi/8.3.1/thumb/v7-m/nofp/crti.o
 .bss           0x00000000        0x0 c:/program files (x86)/gnu tools arm embedded/8 2019-q3-update/bin/../lib/gcc/arm-none-eabi/8.3.1/thumb/v7-m/nofp/crti.o
 .data          0x00000000        0x4 c:/program files (x86)/gnu tools arm embedded/8 2019-q3-update/bin/../lib/gcc/arm-none-eabi/8.3.1/thumb/v7-m/nofp/crtbegin.o
 .text          0x00000000       0x74 c:/program files (x86)/gnu tools arm embedded/8 2019-q3-update/bin/../lib/gcc/arm-none-eabi/8.3.1/../../../../arm-none-eabi/lib/thumb/v7-m/nofp/crt0.o
 .data          0x00000000        0x0 c:/program files (x86)/gnu tools arm embedded/8 2019-q3-update/bin/../lib/gcc/arm-none-eabi/8.3.1/../../../../arm-none-eabi/lib/thumb/v7-m/nofp/crt0.o
 .bss           0x00000000        0x0 c:/program files (x86)/gnu tools arm embedded/8 2019-q3-update/bin/../lib/gcc/arm-none-eabi/8.3.1/../../../../arm-none-eabi/lib/thumb/v7-m/nofp/crt0.o
 .ARM.extab     0x00000000        0x0 c:/program files (x86)/gnu tools arm embedded/8 2019-q3-update/bin/../lib/gcc/arm-none-eabi/8.3.1/../../../../arm-none-eabi/lib/thumb/v7-m/nofp/crt0.o
 .ARM.exidx     0x00000000        0x8 c:/program files (x86)/gnu tools arm embedded/8 2019-q3-update/bin/../lib/gcc/arm-none-eabi/8.3.1/../../../../arm-none-eabi/lib/thumb/v7-m/nofp/crt0.o
 .ARM.attributes
                0x00000000       0x1b c:/program files (x86)/gnu tools arm embedded/8 2019-q3-update/bin/../lib/gcc/arm-none-eabi/8.3.1/../../../../arm-none-eabi/lib/thumb/v7-m/nofp/crt0.o
 .text          0x00000000        0x0 build/main.o
 .data          0x00000000        0x0 build/main.o
 .bss           0x00000000        0x0 build/main.o
 .text          0x00000000        0x0 build/freertos.o
 .data          0x00000000        0x0 build/freertos.o
 .bss           0x00000000        0x0 build/freertos.o
 .debug_info    0x00000000      0x189 build/freertos.o
 .debug_abbrev  0x00000000       0x97 build/freertos.o
 .debug_aranges
                0x00000000       0x18 build/freertos.o
 .debug_line    0x00000000      0x1a9 build/freertos.o
[...]
Memory Configuration

Name             Origin             Length             Attributes
RAM              0x20000000         0x00005000         xrw
FLASH            0x08000000         0x00010000         xr
*default*        0x00000000         0xffffffff

Linker script and memory map

LOAD c:/program files (x86)/gnu tools arm embedded/8 2019-q3-update/bin/../lib/gcc/arm-none-eabi/8.3.1/thumb/v7-m/nofp/crti.o
LOAD c:/program files (x86)/gnu tools arm embedded/8 2019-q3-update/bin/../lib/gcc/arm-none-eabi/8.3.1/thumb/v7-m/nofp/crtbegin.o
LOAD c:/program files (x86)/gnu tools arm embedded/8 2019-q3-update/bin/../lib/gcc/arm-none-eabi/8.3.1/../../../../arm-none-eabi/lib/thumb/v7-m/nofp/crt0.o
LOAD build/main.o
LOAD build/freertos.o
LOAD build/stm32f1xx_it.o
LOAD build/stm32f1xx_hal_msp.o
LOAD build/stm32f1xx_hal_timebase_tim.o
LOAD build/stm32f1xx_hal_gpio_ex.o
LOAD build/stm32f1xx_hal.o
LOAD build/stm32f1xx_hal_rcc.o
LOAD build/stm32f1xx_hal_rcc_ex.o
LOAD build/stm32f1xx_hal_gpio.o
LOAD build/stm32f1xx_hal_dma.o
LOAD build/stm32f1xx_hal_cortex.o
LOAD build/stm32f1xx_hal_pwr.o
LOAD build/stm32f1xx_hal_flash.o
LOAD build/stm32f1xx_hal_flash_ex.o
LOAD build/stm32f1xx_hal_exti.o
LOAD build/stm32f1xx_hal_tim.o
LOAD build/stm32f1xx_hal_tim_ex.o
LOAD build/system_stm32f1xx.o
LOAD build/croutine.o
LOAD build/event_groups.o
LOAD build/list.o
LOAD build/queue.o
LOAD build/stream_buffer.o
LOAD build/tasks.o
LOAD build/timers.o
LOAD build/cmsis_os2.o
LOAD build/heap_4.o
LOAD build/port.o
LOAD build/startup_stm32f103xb.o
LOAD c:/program files (x86)/gnu tools arm embedded/8 2019-q3-update/bin/../lib/gcc/arm-none-eabi/8.3.1/../../../../arm-none-eabi/lib/thumb/v7-m/nofp\libc_nano.a
LOAD c:/program files (x86)/gnu tools arm embedded/8 2019-q3-update/bin/../lib/gcc/arm-none-eabi/8.3.1/../../../../arm-none-eabi/lib/thumb/v7-m/nofp\libm.a
LOAD c:/program files (x86)/gnu tools arm embedded/8 2019-q3-update/bin/../lib/gcc/arm-none-eabi/8.3.1/../../../../arm-none-eabi/lib/thumb/v7-m/nofp\libnosys.a
START GROUP
LOAD c:/program files (x86)/gnu tools arm embedded/8 2019-q3-update/bin/../lib/gcc/arm-none-eabi/8.3.1/thumb/v7-m/nofp\libgcc.a
LOAD c:/program files (x86)/gnu tools arm embedded/8 2019-q3-update/bin/../lib/gcc/arm-none-eabi/8.3.1/../../../../arm-none-eabi/lib/thumb/v7-m/nofp\libc_nano.a
END GROUP
START GROUP
LOAD c:/program files (x86)/gnu tools arm embedded/8 2019-q3-update/bin/../lib/gcc/arm-none-eabi/8.3.1/thumb/v7-m/nofp\libgcc.a
LOAD c:/program files (x86)/gnu tools arm embedded/8 2019-q3-update/bin/../lib/gcc/arm-none-eabi/8.3.1/../../../../arm-none-eabi/lib/thumb/v7-m/nofp\libc_nano.a
END GROUP
LOAD c:/program files (x86)/gnu tools arm embedded/8 2019-q3-update/bin/../lib/gcc/arm-none-eabi/8.3.1/thumb/v7-m/nofp/crtend.o
LOAD c:/program files (x86)/gnu tools arm embedded/8 2019-q3-update/bin/../lib/gcc/arm-none-eabi/8.3.1/thumb/v7-m/nofp/crtn.o
                0x20005000                _estack = 0x20005000
                0x00000200                _Min_Heap_Size = 0x200
                0x00000400                _Min_Stack_Size = 0x400

.isr_vector     0x08000000      0x10c
                0x08000000                . = ALIGN (0x4)
 *(.isr_vector)
 .isr_vector    0x08000000      0x10c build/startup_stm32f103xb.o
                0x08000000                g_pfnVectors
                0x0800010c                . = ALIGN (0x4)

.text           0x08000110     0x3274
                0x08000110                . = ALIGN (0x4)
 *(.text)
 .text          0x08000110       0x40 c:/program files (x86)/gnu tools arm embedded/8 2019-q3-update/bin/../lib/gcc/arm-none-eabi/8.3.1/thumb/v7-m/nofp/crtbegin.o
 *(.text*)
 .text.MX_GPIO_Init
                0x08000150       0x78 build/main.o
 .text.StartServoTask01
                0x080001c8       0x28 build/main.o
                0x080001c8                StartServoTask01
 .text.StartServo02
                0x080001f0       0x4c build/main.o
                0x080001f0                StartServo02
 .text.HAL_TIM_PeriodElapsedCallback
                0x0800023c       0x18 build/main.o
                0x0800023c                HAL_TIM_PeriodElapsedCallback
 .text.Error_Handler
                0x08000254        0x4 build/main.o
                0x08000254                Error_Handler
 .text.MX_TIM2_Init
                0x08000258       0xb4 build/main.o
 .text.SystemClock_Config
                0x0800030c       0x52 build/main.o
                0x0800030c                SystemClock_Config
 *fill*         0x0800035e        0x2 
 .text.main     0x08000360       0x68 build/main.o
                0x08000360                main
 .text.NMI_Handler
                0x080003c8        0x2 build/stm32f1xx_it.o
                0x080003c8                NMI_Handler
 .text.HardFault_Handler
                0x080003ca        0x2 build/stm32f1xx_it.o
                0x080003ca                HardFault_Handler
 .text.MemManage_Handler
                0x080003cc        0x2 build/stm32f1xx_it.o
                0x080003cc                MemManage_Handler
 .text.BusFault_Handler
                0x080003ce        0x2 build/stm32f1xx_it.o
                0x080003ce                BusFault_Handler
 .text.UsageFault_Handler
                0x080003d0        0x2 build/stm32f1xx_it.o
                0x080003d0                UsageFault_Handler
 .text.DebugMon_Handler
                0x080003d2        0x2 build/stm32f1xx_it.o
                0x080003d2                DebugMon_Handler
 .text.TIM4_IRQHandler
                0x080003d4       0x10 build/stm32f1xx_it.o
                0x080003d4                TIM4_IRQHandler
 .text.HAL_MspInit
                0x080003e4       0x54 build/stm32f1xx_hal_msp.o
                0x080003e4                HAL_MspInit
 .text.HAL_TIM_Base_MspInit
                0x08000438       0x26 build/stm32f1xx_hal_msp.o
                0x08000438                HAL_TIM_Base_MspInit
 *fill*         0x0800045e        0x2 
 .text.HAL_TIM_MspPostInit
                0x08000460       0x4c build/stm32f1xx_hal_msp.o
                0x08000460                HAL_TIM_MspPostInit
 .text.HAL_InitTick
                0x080004ac       0x78 build/stm32f1xx_hal_timebase_tim.o
                0x080004ac                HAL_InitTick
 .text.HAL_Init
                0x08000524       0x24 build/stm32f1xx_hal.o
                0x08000524                HAL_Init
 .text.HAL_IncTick
                0x08000548       0x18 build/stm32f1xx_hal.o
                0x08000548                HAL_IncTick
 .text.HAL_GetTick
                0x08000560        0xc build/stm32f1xx_hal.o
                0x08000560                HAL_GetTick
 .text.RCC_Delay
                0x0800056c       0x2c build/stm32f1xx_hal_rcc.o
 .text.HAL_RCC_OscConfig
                0x08000598      0x410 build/stm32f1xx_hal_rcc.o
                0x08000598                HAL_RCC_OscConfig
 .text.HAL_RCC_GetSysClockFreq
                0x080009a8       0x70 build/stm32f1xx_hal_rcc.o
                0x080009a8                HAL_RCC_GetSysClockFreq
 .text.HAL_RCC_ClockConfig
                0x08000a18      0x16c build/stm32f1xx_hal_rcc.o
                0x08000a18                HAL_RCC_ClockConfig
 .text.HAL_RCC_GetHCLKFreq
                0x08000b84        0xc build/stm32f1xx_hal_rcc.o
                0x08000b84                HAL_RCC_GetHCLKFreq
 .text.HAL_RCC_GetPCLK1Freq
                0x08000b90       0x20 build/stm32f1xx_hal_rcc.o
                0x08000b90                HAL_RCC_GetPCLK1Freq
 .text.HAL_RCC_GetClockConfig
                0x08000bb0       0x3c build/stm32f1xx_hal_rcc.o
                0x08000bb0                HAL_RCC_GetClockConfig
 .text.HAL_GPIO_Init
                0x08000bec      0x1d8 build/stm32f1xx_hal_gpio.o
                0x08000bec                HAL_GPIO_Init
 .text.HAL_GPIO_WritePin
                0x08000dc4        0xc build/stm32f1xx_hal_gpio.o
                0x08000dc4                HAL_GPIO_WritePin
 .text.HAL_NVIC_SetPriorityGrouping
                0x08000dd0       0x24 build/stm32f1xx_hal_cortex.o
                0x08000dd0                HAL_NVIC_SetPriorityGrouping
 .text.HAL_NVIC_SetPriority
                0x08000df4       0x68 build/stm32f1xx_hal_cortex.o
                0x08000df4                HAL_NVIC_SetPriority
 .text.HAL_NVIC_EnableIRQ
                0x08000e5c       0x1c build/stm32f1xx_hal_cortex.o
                0x08000e5c                HAL_NVIC_EnableIRQ
 .text.TIM_OC1_SetConfig
                0x08000e78       0x5c build/stm32f1xx_hal_tim.o
 .text.TIM_OC3_SetConfig
                0x08000ed4       0x64 build/stm32f1xx_hal_tim.o
 .text.TIM_OC4_SetConfig
                0x08000f38       0x48 build/stm32f1xx_hal_tim.o
 .text.TIM_TI1_ConfigInputStage
                0x08000f80       0x24 build/stm32f1xx_hal_tim.o
 .text.TIM_TI2_ConfigInputStage
                0x08000fa4       0x26 build/stm32f1xx_hal_tim.o
 .text.TIM_ITRx_SetConfig
                0x08000fca       0x10 build/stm32f1xx_hal_tim.o
 *fill*         0x08000fda        0x2 
 .text.HAL_TIM_Base_Start_IT
                0x08000fdc       0x68 build/stm32f1xx_hal_tim.o
                0x08000fdc                HAL_TIM_Base_Start_IT
 .text.HAL_TIM_PWM_MspInit
                0x08001044        0x2 build/stm32f1xx_hal_tim.o
                0x08001044                HAL_TIM_PWM_MspInit
 .text.HAL_TIM_OC_DelayElapsedCallback
                0x08001046        0x2 build/stm32f1xx_hal_tim.o
                0x08001046                HAL_TIM_OC_DelayElapsedCallback
 .text.HAL_TIM_IC_CaptureCallback
                0x08001048        0x2 build/stm32f1xx_hal_tim.o
                0x08001048                HAL_TIM_IC_CaptureCallback
 .text.HAL_TIM_PWM_PulseFinishedCallback
                0x0800104a        0x2 build/stm32f1xx_hal_tim.o
                0x0800104a                HAL_TIM_PWM_PulseFinishedCallback
 .text.HAL_TIM_TriggerCallback
                0x0800104c        0x2 build/stm32f1xx_hal_tim.o
                0x0800104c                HAL_TIM_TriggerCallback
 .text.HAL_TIM_IRQHandler
                0x0800104e      0x17a build/stm32f1xx_hal_tim.o
                0x0800104e                HAL_TIM_IRQHandler
 .text.TIM_Base_SetConfig
                0x080011c8       0x74 build/stm32f1xx_hal_tim.o
                0x080011c8                TIM_Base_SetConfig
 .text.HAL_TIM_Base_Init
                0x0800123c       0x58 build/stm32f1xx_hal_tim.o
                0x0800123c                HAL_TIM_Base_Init
 .text.HAL_TIM_PWM_Init
                0x08001294       0x58 build/stm32f1xx_hal_tim.o
                0x08001294                HAL_TIM_PWM_Init
 .text.TIM_OC2_SetConfig
                0x080012ec       0x64 build/stm32f1xx_hal_tim.o
                0x080012ec                TIM_OC2_SetConfig
 .text.HAL_TIM_PWM_ConfigChannel
                0x08001350       0xd0 build/stm32f1xx_hal_tim.o
                0x08001350                HAL_TIM_PWM_ConfigChannel
 .text.TIM_ETR_SetConfig
                0x08001420       0x16 build/stm32f1xx_hal_tim.o
                0x08001420                TIM_ETR_SetConfig
 .text.HAL_TIM_ConfigClockSource
                0x08001436       0xdc build/stm32f1xx_hal_tim.o
                0x08001436                HAL_TIM_ConfigClockSource
 .text.TIM_CCxChannelCmd
                0x08001512       0x20 build/stm32f1xx_hal_tim.o
                0x08001512                TIM_CCxChannelCmd
 *fill*         0x08001532        0x2 
 .text.HAL_TIM_PWM_Start
                0x08001534       0xe4 build/stm32f1xx_hal_tim.o
                0x08001534                HAL_TIM_PWM_Start
 .text.HAL_TIMEx_MasterConfigSynchronization
                0x08001618       0x68 build/stm32f1xx_hal_tim_ex.o
                0x08001618                HAL_TIMEx_MasterConfigSynchronization
 .text.HAL_TIMEx_CommutCallback
                0x08001680        0x2 build/stm32f1xx_hal_tim_ex.o
                0x08001680                HAL_TIMEx_CommutCallback
 .text.HAL_TIMEx_BreakCallback
                0x08001682        0x2 build/stm32f1xx_hal_tim_ex.o
                0x08001682                HAL_TIMEx_BreakCallback
 .text.SystemInit
                0x08001684        0x2 build/system_stm32f1xx.o
                0x08001684                SystemInit
 .text.vListInitialise
                0x08001686       0x16 build/list.o
                0x08001686                vListInitialise
 .text.vListInitialiseItem
                0x0800169c        0x6 build/list.o
                0x0800169c                vListInitialiseItem
 .text.vListInsertEnd
                0x080016a2       0x16 build/list.o
                0x080016a2                vListInsertEnd
 .text.vListInsert
                0x080016b8       0x34 build/list.o
                0x080016b8                vListInsert
 .text.uxListRemove
                0x080016ec       0x26 build/list.o
                0x080016ec                uxListRemove
 .text.prvIsQueueFull
                0x08001712       0x1e build/queue.o
 .text.prvIsQueueEmpty
                0x08001730       0x1a build/queue.o
 .text.prvCopyDataToQueue
                0x0800174a       0x76 build/queue.o
 .text.prvCopyDataFromQueue
                0x080017c0       0x24 build/queue.o
 .text.prvUnlockQueue
                0x080017e4       0x6e build/queue.o
 *fill*         0x08001852        0x2 
 .text.xQueueGenericReset
                0x08001854       0x84 build/queue.o
                0x08001854                xQueueGenericReset
 .text.prvInitialiseNewQueue
                0x080018d8       0x22 build/queue.o
 .text.xQueueGenericCreateStatic
                0x080018fa       0x92 build/queue.o
                0x080018fa                xQueueGenericCreateStatic
 .text.xQueueGenericSend
                0x0800198c      0x180 build/queue.o
                0x0800198c                xQueueGenericSend
 .text.xQueueGenericSendFromISR
                0x08001b0c       0xce build/queue.o
                0x08001b0c                xQueueGenericSendFromISR
 *fill*         0x08001bda        0x2 
 .text.xQueueReceive
                0x08001bdc      0x15c build/queue.o
                0x08001bdc                xQueueReceive
 .text.vQueueAddToRegistry
                0x08001d38       0x28 build/queue.o
                0x08001d38                vQueueAddToRegistry
 .text.vQueueWaitForMessageRestricted
                0x08001d60       0x52 build/queue.o
                0x08001d60                vQueueWaitForMessageRestricted
 *fill*         0x08001db2        0x2 
 .text.prvResetNextTaskUnblockTime
                0x08001db4       0x2c build/tasks.o
 .text.prvInitialiseNewTask
                0x08001de0       0x8e build/tasks.o
 *fill*         0x08001e6e        0x2 
 .text.prvInitialiseTaskLists
                0x08001e70       0x68 build/tasks.o
 .text.prvAddNewTaskToReadyList
                0x08001ed8       0xac build/tasks.o
 .text.prvDeleteTCB
                0x08001f84       0x38 build/tasks.o
 .text.prvCheckTasksWaitingTermination
                0x08001fbc       0x4c build/tasks.o
 .text.prvIdleTask
                0x08002008       0x28 build/tasks.o
 .text.prvAddCurrentTaskToDelayedList
                0x08002030       0x7c build/tasks.o
 .text.xTaskCreateStatic
                0x080020ac       0x72 build/tasks.o
                0x080020ac                xTaskCreateStatic
 .text.xTaskCreate
                0x0800211e       0x66 build/tasks.o
                0x0800211e                xTaskCreate
 .text.vTaskStartScheduler
                0x08002184       0x94 build/tasks.o
                0x08002184                vTaskStartScheduler
 .text.vTaskSuspendAll
                0x08002218       0x10 build/tasks.o
                0x08002218                vTaskSuspendAll
 .text.xTaskGetTickCount
                0x08002228        0xc build/tasks.o
                0x08002228                xTaskGetTickCount
 .text.xTaskIncrementTick
                0x08002234      0x118 build/tasks.o
                0x08002234                xTaskIncrementTick
 .text.xTaskResumeAll
                0x0800234c       0xf8 build/tasks.o
                0x0800234c                xTaskResumeAll
 .text.vTaskDelay
                0x08002444       0x4c build/tasks.o
                0x08002444                vTaskDelay
 .text.vTaskSwitchContext
                0x08002490       0x98 build/tasks.o
                0x08002490                vTaskSwitchContext
 .text.vTaskPlaceOnEventList
                0x08002528       0x30 build/tasks.o
                0x08002528                vTaskPlaceOnEventList
 .text.vTaskPlaceOnEventListRestricted
                0x08002558       0x38 build/tasks.o
                0x08002558                vTaskPlaceOnEventListRestricted
 .text.xTaskRemoveFromEventList
                0x08002590       0x8c build/tasks.o
                0x08002590                xTaskRemoveFromEventList
 .text.vTaskInternalSetTimeOutState
                0x0800261c       0x18 build/tasks.o
                0x0800261c                vTaskInternalSetTimeOutState
 .text.xTaskCheckForTimeOut
                0x08002634       0x84 build/tasks.o
                0x08002634                xTaskCheckForTimeOut
 .text.vTaskMissedYield
                0x080026b8        0xc build/tasks.o
                0x080026b8                vTaskMissedYield
 .text.xTaskGetSchedulerState
                0x080026c4       0x20 build/tasks.o
                0x080026c4                xTaskGetSchedulerState
 .text.xTaskPriorityDisinherit
                0x080026e4       0x90 build/tasks.o
                0x080026e4                xTaskPriorityDisinherit
 .text.prvGetNextExpireTime
                0x08002774       0x20 build/timers.o
 .text.prvInsertTimerInActiveList
                0x08002794       0x48 build/timers.o
 .text.prvCheckForValidListAndQueue
                0x080027dc       0x70 build/timers.o
 .text.xTimerCreateTimerTask
                0x0800284c       0x64 build/timers.o
                0x0800284c                xTimerCreateTimerTask
 .text.xTimerGenericCommand
                0x080028b0       0x6c build/timers.o
                0x080028b0                xTimerGenericCommand
 .text.prvSwitchTimerLists
                0x0800291c       0x78 build/timers.o
 .text.prvSampleTimeNow
                0x08002994       0x2c build/timers.o
 .text.prvProcessExpiredTimer
                0x080029c0       0x60 build/timers.o
 .text.prvProcessTimerOrBlockTask
                0x08002a20       0x74 build/timers.o
 .text.prvProcessReceivedCommands
                0x08002a94       0xfc build/timers.o
 .text.prvTimerTask
                0x08002b90       0x16 build/timers.o
 *fill*         0x08002ba6        0x2 
 .text.osKernelInitialize
                0x08002ba8       0x44 build/cmsis_os2.o
                0x08002ba8                osKernelInitialize
 .text.osKernelStart
                0x08002bec       0x4c build/cmsis_os2.o
                0x08002bec                osKernelStart
 .text.osThreadNew
                0x08002c38       0xec build/cmsis_os2.o
                0x08002c38                osThreadNew
 .text.osDelay  0x08002d24       0x44 build/cmsis_os2.o
                0x08002d24                osDelay
 .text.vApplicationGetIdleTaskMemory
                0x08002d68       0x18 build/cmsis_os2.o
                0x08002d68                vApplicationGetIdleTaskMemory
 .text.vApplicationGetTimerTaskMemory
                0x08002d80       0x18 build/cmsis_os2.o
                0x08002d80                vApplicationGetTimerTaskMemory
 .text.prvHeapInit
                0x08002d98       0x64 build/heap_4.o
 .text.prvInsertBlockIntoFreeList
                0x08002dfc       0x58 build/heap_4.o
 .text.pvPortMalloc
                0x08002e54      0x108 build/heap_4.o
                0x08002e54                pvPortMalloc
 .text.vPortFree
                0x08002f5c       0x70 build/heap_4.o
                0x08002f5c                vPortFree
 .text.prvTaskExitError
                0x08002fcc       0x40 build/port.o
 .text.prvPortStartFirstTask
                0x0800300c       0x20 build/port.o
 .text.pxPortInitialiseStack
                0x0800302c       0x24 build/port.o
                0x0800302c                pxPortInitialiseStack
 .text.SVC_Handler
                0x08003050       0x24 build/port.o
                0x08003050                SVC_Handler
 .text.vPortEnterCritical
                0x08003074       0x44 build/port.o
                0x08003074                vPortEnterCritical
 .text.vPortExitCritical
                0x080030b8       0x2c build/port.o
                0x080030b8                vPortExitCritical
 *fill*         0x080030e4        0xc 
 .text.PendSV_Handler
                0x080030f0       0x44 build/port.o
                0x080030f0                PendSV_Handler
 .text.SysTick_Handler
                0x08003134       0x2c build/port.o
                0x08003134                SysTick_Handler
 .text.vPortSetupTimerInterrupt
                0x08003160       0x38 build/port.o
                0x08003160                vPortSetupTimerInterrupt
 .text.xPortStartScheduler
                0x08003198       0xb8 build/port.o
                0x08003198                xPortStartScheduler
 .text.vPortValidateInterruptPriority
                0x08003250       0x5c build/port.o
                0x08003250                vPortValidateInterruptPriority
 .text.Reset_Handler
                0x080032ac       0x48 build/startup_stm32f103xb.o
                0x080032ac                Reset_Handler
 .text.Default_Handler
                0x080032f4        0x2 build/startup_stm32f103xb.o
                0x080032f4                RTC_Alarm_IRQHandler
                0x080032f4                EXTI2_IRQHandler
                0x080032f4                TIM1_CC_IRQHandler
                0x080032f4                PVD_IRQHandler
                0x080032f4                EXTI3_IRQHandler
                0x080032f4                EXTI0_IRQHandler
                0x080032f4                I2C2_EV_IRQHandler
                0x080032f4                ADC1_2_IRQHandler
                0x080032f4                SPI1_IRQHandler
                0x080032f4                TAMPER_IRQHandler
                0x080032f4                DMA1_Channel4_IRQHandler
                0x080032f4                USART3_IRQHandler
                0x080032f4                RTC_IRQHandler
                0x080032f4                DMA1_Channel7_IRQHandler
                0x080032f4                CAN1_RX1_IRQHandler
                0x080032f4                I2C1_EV_IRQHandler
                0x080032f4                DMA1_Channel6_IRQHandler
                0x080032f4                TIM3_IRQHandler
                0x080032f4                RCC_IRQHandler
                0x080032f4                TIM1_TRG_COM_IRQHandler
                0x080032f4                DMA1_Channel1_IRQHandler
                0x080032f4                Default_Handler
                0x080032f4                EXTI15_10_IRQHandler
                0x080032f4                EXTI9_5_IRQHandler
                0x080032f4                SPI2_IRQHandler
                0x080032f4                DMA1_Channel5_IRQHandler
                0x080032f4                EXTI4_IRQHandler
                0x080032f4                USB_LP_CAN1_RX0_IRQHandler
                0x080032f4                USB_HP_CAN1_TX_IRQHandler
                0x080032f4                DMA1_Channel3_IRQHandler
                0x080032f4                TIM1_UP_IRQHandler
                0x080032f4                WWDG_IRQHandler
                0x080032f4                TIM2_IRQHandler
                0x080032f4                TIM1_BRK_IRQHandler
                0x080032f4                EXTI1_IRQHandler
                0x080032f4                USART2_IRQHandler
                0x080032f4                I2C2_ER_IRQHandler
                0x080032f4                DMA1_Channel2_IRQHandler
                0x080032f4                CAN1_SCE_IRQHandler
                0x080032f4                FLASH_IRQHandler
                0x080032f4                USART1_IRQHandler
                0x080032f4                I2C1_ER_IRQHandler
                0x080032f4                USBWakeUp_IRQHandler
 *fill*         0x080032f6        0x2 
 .text.__libc_init_array
                0x080032f8       0x48 c:/program files (x86)/gnu tools arm embedded/8 2019-q3-update/bin/../lib/gcc/arm-none-eabi/8.3.1/../../../../arm-none-eabi/lib/thumb/v7-m/nofp\libc_nano.a(lib_a-init.o)
                0x080032f8                __libc_init_array
 .text.memcpy   0x08003340       0x1c c:/program files (x86)/gnu tools arm embedded/8 2019-q3-update/bin/../lib/gcc/arm-none-eabi/8.3.1/../../../../arm-none-eabi/lib/thumb/v7-m/nofp\libc_nano.a(lib_a-memcpy-stub.o)
                0x08003340                memcpy
 .text.memset   0x0800335c       0x10 c:/program files (x86)/gnu tools arm embedded/8 2019-q3-update/bin/../lib/gcc/arm-none-eabi/8.3.1/../../../../arm-none-eabi/lib/thumb/v7-m/nofp\libc_nano.a(lib_a-memset.o)
                0x0800335c                memset
 *(.glue_7)
 .glue_7        0x0800336c        0x0 linker stubs
 *(.glue_7t)
 .glue_7t       0x0800336c        0x0 linker stubs
 *(.eh_frame)
 .eh_frame      0x0800336c        0x0 c:/program files (x86)/gnu tools arm embedded/8 2019-q3-update/bin/../lib/gcc/arm-none-eabi/8.3.1/thumb/v7-m/nofp/crtbegin.o
 *(.init)
 .init          0x0800336c        0x4 c:/program files (x86)/gnu tools arm embedded/8 2019-q3-update/bin/../lib/gcc/arm-none-eabi/8.3.1/thumb/v7-m/nofp/crti.o
                0x0800336c                _init
 .init          0x08003370        0x8 c:/program files (x86)/gnu tools arm embedded/8 2019-q3-update/bin/../lib/gcc/arm-none-eabi/8.3.1/thumb/v7-m/nofp/crtn.o
 *(.fini)
 .fini          0x08003378        0x4 c:/program files (x86)/gnu tools arm embedded/8 2019-q3-update/bin/../lib/gcc/arm-none-eabi/8.3.1/thumb/v7-m/nofp/crti.o
                0x08003378                _fini
 .fini          0x0800337c        0x8 c:/program files (x86)/gnu tools arm embedded/8 2019-q3-update/bin/../lib/gcc/arm-none-eabi/8.3.1/thumb/v7-m/nofp/crtn.o
                0x08003384                . = ALIGN (0x4)
                0x08003384                _etext = .

.vfp11_veneer   0x08003384        0x0
 .vfp11_veneer  0x08003384        0x0 linker stubs

.v4_bx          0x08003384        0x0
 .v4_bx         0x08003384        0x0 linker stubs

.iplt           0x08003384        0x0
 .iplt          0x08003384        0x0 c:/program files (x86)/gnu tools arm embedded/8 2019-q3-update/bin/../lib/gcc/arm-none-eabi/8.3.1/thumb/v7-m/nofp/crtbegin.o

.rodata         0x08003384       0x9c
                0x08003384                . = ALIGN (0x4)
 *(.rodata)
 .rodata        0x08003384       0x12 build/stm32f1xx_hal_rcc.o
 *(.rodata*)
 *fill*         0x08003396        0x2 
 .rodata.servo01_attributes
                0x08003398       0x24 build/main.o
                0x08003398                servo01_attributes
 .rodata.servo02_attributes
                0x080033bc       0x24 build/main.o
                0x080033bc                servo02_attributes
 .rodata.str1.4
                0x080033e0       0x10 build/main.o
 .rodata.AHBPrescTable
                0x080033f0       0x10 build/system_stm32f1xx.o
                0x080033f0                AHBPrescTable
 .rodata.APBPrescTable
                0x08003400        0x8 build/system_stm32f1xx.o
                0x08003400                APBPrescTable
 .rodata.vTaskStartScheduler.str1.4
                0x08003408        0x5 build/tasks.o
 *fill*         0x0800340d        0x3 
 .rodata.prvCheckForValidListAndQueue.str1.4
                0x08003410        0x5 build/timers.o
 *fill*         0x08003415        0x3 
 .rodata.xTimerCreateTimerTask.str1.4
                0x08003418        0x8 build/timers.o
                0x08003420                . = ALIGN (0x4)

.rel.dyn        0x08003420        0x0
 .rel.iplt      0x08003420        0x0 c:/program files (x86)/gnu tools arm embedded/8 2019-q3-update/bin/../lib/gcc/arm-none-eabi/8.3.1/thumb/v7-m/nofp/crtbegin.o

.ARM.extab
 *(.ARM.extab* .gnu.linkonce.armextab.*)

.ARM            0x08003420        0x0
                0x08003420                __exidx_start = .
 *(.ARM.exidx*)
                0x08003420                __exidx_end = .

.preinit_array  0x08003420        0x0
                0x08003420                PROVIDE (__preinit_array_start = .)
 *(.preinit_array*)
                0x08003420                PROVIDE (__preinit_array_end = .)

.init_array     0x08003420        0x4
                0x08003420                PROVIDE (__init_array_start = .)
 *(SORT_BY_NAME(.init_array.*))
 *(.init_array*)
 .init_array    0x08003420        0x4 c:/program files (x86)/gnu tools arm embedded/8 2019-q3-update/bin/../lib/gcc/arm-none-eabi/8.3.1/thumb/v7-m/nofp/crtbegin.o
                0x08003424                PROVIDE (__init_array_end = .)

.fini_array     0x08003424        0x4
                [!provide]                PROVIDE (__fini_array_start = .)
 *(SORT_BY_NAME(.fini_array.*))
 *(.fini_array*)
 .fini_array    0x08003424        0x4 c:/program files (x86)/gnu tools arm embedded/8 2019-q3-update/bin/../lib/gcc/arm-none-eabi/8.3.1/thumb/v7-m/nofp/crtbegin.o
                [!provide]                PROVIDE (__fini_array_end = .)
                0x08003428                _sidata = LOADADDR (.data)

.data           0x20000000       0x10 load address 0x08003428
                0x20000000                . = ALIGN (0x4)
                0x20000000                _sdata = .
 *(.data)
 *(.data*)
 .data.uwTickFreq
                0x20000000        0x1 build/stm32f1xx_hal.o
                0x20000000                uwTickFreq
 *fill*         0x20000001        0x3 
 .data.uwTickPrio
                0x20000004        0x4 build/stm32f1xx_hal.o
                0x20000004                uwTickPrio
 .data.SystemCoreClock
                0x20000008        0x4 build/system_stm32f1xx.o
                0x20000008                SystemCoreClock
 .data.uxCriticalNesting
                0x2000000c        0x4 build/port.o
                0x20000010                . = ALIGN (0x4)
                0x20000010                _edata = .

.igot.plt       0x20000010        0x0 load address 0x08003438
 .igot.plt      0x20000010        0x0 c:/program files (x86)/gnu tools arm embedded/8 2019-q3-update/bin/../lib/gcc/arm-none-eabi/8.3.1/thumb/v7-m/nofp/crtbegin.o
                0x20000010                . = ALIGN (0x4)

.bss            0x20000010     0x19fc load address 0x08003438
                0x20000010                _sbss = .
                0x20000010                __bss_start__ = _sbss
 *(.bss)
 .bss           0x20000010       0x1c c:/program files (x86)/gnu tools arm embedded/8 2019-q3-update/bin/../lib/gcc/arm-none-eabi/8.3.1/thumb/v7-m/nofp/crtbegin.o
 *(.bss*)
 .bss.pxCurrentTCB
                0x2000002c        0x4 build/tasks.o
                0x2000002c                pxCurrentTCB
 .bss.pxDelayedTaskList
                0x20000030        0x4 build/tasks.o
 .bss.pxOverflowDelayedTaskList
                0x20000034        0x4 build/tasks.o
 .bss.pxReadyTasksLists
                0x20000038      0x460 build/tasks.o
 .bss.uxCurrentNumberOfTasks
                0x20000498        0x4 build/tasks.o
 .bss.uxDeletedTasksWaitingCleanUp
                0x2000049c        0x4 build/tasks.o
 .bss.uxPendedTicks
                0x200004a0        0x4 build/tasks.o
 .bss.uxSchedulerSuspended
                0x200004a4        0x4 build/tasks.o
 .bss.uxTaskNumber
                0x200004a8        0x4 build/tasks.o
 .bss.uxTopReadyPriority
                0x200004ac        0x4 build/tasks.o
 .bss.xDelayedTaskList1
                0x200004b0       0x14 build/tasks.o
 .bss.xDelayedTaskList2
                0x200004c4       0x14 build/tasks.o
 .bss.xNextTaskUnblockTime
                0x200004d8        0x4 build/tasks.o
 .bss.xNumOfOverflows
                0x200004dc        0x4 build/tasks.o
 .bss.xPendingReadyList
                0x200004e0       0x14 build/tasks.o
 .bss.xSchedulerRunning
                0x200004f4        0x4 build/tasks.o
 .bss.xSuspendedTaskList
                0x200004f8       0x14 build/tasks.o
 .bss.xTasksWaitingTermination
                0x2000050c       0x14 build/tasks.o
 .bss.xTickCount
                0x20000520        0x4 build/tasks.o
 .bss.xYieldPending
                0x20000524        0x4 build/tasks.o
 .bss.pxCurrentTimerList
                0x20000528        0x4 build/timers.o
 .bss.pxOverflowTimerList
                0x2000052c        0x4 build/timers.o
 .bss.ucStaticTimerQueueStorage.5609
                0x20000530       0xa0 build/timers.o
 .bss.xActiveTimerList1
                0x200005d0       0x14 build/timers.o
 .bss.xActiveTimerList2
                0x200005e4       0x14 build/timers.o
 .bss.xLastTime.5558
                0x200005f8        0x4 build/timers.o
 .bss.xStaticTimerQueue.5608
                0x200005fc       0x50 build/timers.o
 .bss.xTimerQueue
                0x2000064c        0x4 build/timers.o
 .bss.xTimerTaskHandle
                0x20000650        0x4 build/timers.o
 .bss.Idle_Stack
                0x20000654      0x200 build/cmsis_os2.o
 .bss.Idle_TCB  0x20000854       0x5c build/cmsis_os2.o
 .bss.KernelState
                0x200008b0        0x4 build/cmsis_os2.o
 .bss.Timer_Stack
                0x200008b4      0x400 build/cmsis_os2.o
 .bss.Timer_TCB
                0x20000cb4       0x5c build/cmsis_os2.o
 .bss.pxEnd     0x20000d10        0x4 build/heap_4.o
 .bss.ucHeap    0x20000d14      0xc00 build/heap_4.o
 .bss.xBlockAllocatedBit
                0x20001914        0x4 build/heap_4.o
 .bss.xFreeBytesRemaining
                0x20001918        0x4 build/heap_4.o
 .bss.xMinimumEverFreeBytesRemaining
                0x2000191c        0x4 build/heap_4.o
 .bss.xStart    0x20001920        0x8 build/heap_4.o
 .bss.ucMaxSysCallPriority
                0x20001928        0x1 build/port.o
 *fill*         0x20001929        0x3 
 .bss.ulMaxPRIGROUPValue
                0x2000192c        0x4 build/port.o
 *(COMMON)
 COMMON         0x20001930       0x50 build/main.o
                0x20001930                servo02Handle
                0x20001934                servo01Handle
                0x20001938                htim2
 COMMON         0x20001980       0x48 build/stm32f1xx_hal_timebase_tim.o
                0x20001980                htim4
 COMMON         0x200019c8        0x4 build/stm32f1xx_hal.o
                0x200019c8                uwTick
 COMMON         0x200019cc       0x40 build/queue.o
                0x200019cc                xQueueRegistry
                0x20001a0c                . = ALIGN (0x4)
                0x20001a0c                _ebss = .
                0x20001a0c                __bss_end__ = _ebss

._user_heap_stack
                0x20001a0c      0x604 load address 0x08003438
                0x20001a10                . = ALIGN (0x8)
 *fill*         0x20001a0c        0x4 
                [!provide]                PROVIDE (end = .)
                [!provide]                PROVIDE (_end = .)
                0x20001c10                . = (. + _Min_Heap_Size)
 *fill*         0x20001a10      0x200 
                0x20002010                . = (. + _Min_Stack_Size)
 *fill*         0x20001c10      0x400 
                0x20002010                . = ALIGN (0x8)

/DISCARD/
 libc.a(*)
 libm.a(*)
 libgcc.a(*)

.ARM.attributes
                0x00000000       0x29
 *(.ARM.attributes)
 .ARM.attributes
                0x00000000       0x1d c:/program files (x86)/gnu tools arm embedded/8 2019-q3-update/bin/../lib/gcc/arm-none-eabi/8.3.1/thumb/v7-m/nofp/crti.o
 .ARM.attributes
                0x0000001d       0x2d c:/program files (x86)/gnu tools arm embedded/8 2019-q3-update/bin/../lib/gcc/arm-none-eabi/8.3.1/thumb/v7-m/nofp/crtbegin.o
 .ARM.attributes
                0x0000004a       0x2d build/main.o
 .ARM.attributes
                0x00000077       0x2d build/stm32f1xx_it.o
 .ARM.attributes
                0x000000a4       0x2d build/stm32f1xx_hal_msp.o
 .ARM.attributes
                0x000000d1       0x2d build/stm32f1xx_hal_timebase_tim.o
 .ARM.attributes
                0x000000fe       0x2d build/stm32f1xx_hal.o
 .ARM.attributes
                0x0000012b       0x2d build/stm32f1xx_hal_rcc.o
 .ARM.attributes
                0x00000158       0x2d build/stm32f1xx_hal_gpio.o
 .ARM.attributes
                0x00000185       0x2d build/stm32f1xx_hal_cortex.o
 .ARM.attributes
                0x000001b2       0x2d build/stm32f1xx_hal_tim.o
 .ARM.attributes
                0x000001df       0x2d build/stm32f1xx_hal_tim_ex.o
 .ARM.attributes
                0x0000020c       0x2d build/system_stm32f1xx.o
 .ARM.attributes
                0x00000239       0x2d build/list.o
 .ARM.attributes
                0x00000266       0x2d build/queue.o
 .ARM.attributes
                0x00000293       0x2d build/tasks.o
 .ARM.attributes
                0x000002c0       0x2d build/timers.o
 .ARM.attributes
                0x000002ed       0x2d build/cmsis_os2.o
 .ARM.attributes
                0x0000031a       0x2d build/heap_4.o
 .ARM.attributes
                0x00000347       0x2d build/port.o
 .ARM.attributes
                0x00000374       0x21 build/startup_stm32f103xb.o
 .ARM.attributes
                0x00000395       0x2d c:/program files (x86)/gnu tools arm embedded/8 2019-q3-update/bin/../lib/gcc/arm-none-eabi/8.3.1/../../../../arm-none-eabi/lib/thumb/v7-m/nofp\libc_nano.a(lib_a-init.o)
 .ARM.attributes
                0x000003c2       0x2d c:/program files (x86)/gnu tools arm embedded/8 2019-q3-update/bin/../lib/gcc/arm-none-eabi/8.3.1/../../../../arm-none-eabi/lib/thumb/v7-m/nofp\libc_nano.a(lib_a-memcpy-stub.o)
 .ARM.attributes
                0x000003ef       0x2d c:/program files (x86)/gnu tools arm embedded/8 2019-q3-update/bin/../lib/gcc/arm-none-eabi/8.3.1/../../../../arm-none-eabi/lib/thumb/v7-m/nofp\libc_nano.a(lib_a-memset.o)
 .ARM.attributes
                0x0000041c       0x1d c:/program files (x86)/gnu tools arm embedded/8 2019-q3-update/bin/../lib/gcc/arm-none-eabi/8.3.1/thumb/v7-m/nofp/crtn.o
OUTPUT(build/RTOS+two_Servo.elf elf32-littlearm)

.debug_info     0x00000000    0x1d1a0
 .debug_info    0x00000000     0x1406 build/main.o
 .debug_info    0x00001406      0x843 build/stm32f1xx_it.o
 .debug_info    0x00001c49      0xc80 build/stm32f1xx_hal_msp.o
 .debug_info    0x000028c9      0xbbe build/stm32f1xx_hal_timebase_tim.o
 .debug_info    0x00003487      0x8e4 build/stm32f1xx_hal.o
 .debug_info    0x00003d6b      0xb6d build/stm32f1xx_hal_rcc.o
 .debug_info    0x000048d8      0x7d1 build/stm32f1xx_hal_gpio.o
 .debug_info    0x000050a9      0xf09 build/stm32f1xx_hal_cortex.o
 .debug_info    0x00005fb2     0x3f1b build/stm32f1xx_hal_tim.o
 .debug_info    0x00009ecd     0x1c3a build/stm32f1xx_hal_tim_ex.o
 .debug_info    0x0000bb07      0x2f7 build/system_stm32f1xx.o
 .debug_info    0x0000bdfe      0xc9e build/list.o
 .debug_info    0x0000ca9c     0x33e1 build/queue.o
 .debug_info    0x0000fe7d     0x3d01 build/tasks.o
 .debug_info    0x00013b7e     0x249c build/timers.o
 .debug_info    0x0001601a     0x5d16 build/cmsis_os2.o
 .debug_info    0x0001bd30      0xe81 build/heap_4.o
 .debug_info    0x0001cbb1      0x5cd build/port.o
 .debug_info    0x0001d17e       0x22 build/startup_stm32f103xb.o

.debug_abbrev   0x00000000     0x345a
 .debug_abbrev  0x00000000      0x309 build/main.o
 .debug_abbrev  0x00000309      0x196 build/stm32f1xx_it.o
 .debug_abbrev  0x0000049f      0x230 build/stm32f1xx_hal_msp.o
 .debug_abbrev  0x000006cf      0x21c build/stm32f1xx_hal_timebase_tim.o
 .debug_abbrev  0x000008eb      0x21c build/stm32f1xx_hal.o
 .debug_abbrev  0x00000b07      0x2ad build/stm32f1xx_hal_rcc.o
 .debug_abbrev  0x00000db4      0x24f build/stm32f1xx_hal_gpio.o
 .debug_abbrev  0x00001003      0x38a build/stm32f1xx_hal_cortex.o
 .debug_abbrev  0x0000138d      0x2c3 build/stm32f1xx_hal_tim.o
 .debug_abbrev  0x00001650      0x2ab build/stm32f1xx_hal_tim_ex.o
 .debug_abbrev  0x000018fb      0x153 build/system_stm32f1xx.o
 .debug_abbrev  0x00001a4e      0x245 build/list.o
 .debug_abbrev  0x00001c93      0x478 build/queue.o
 .debug_abbrev  0x0000210b      0x46d build/tasks.o
 .debug_abbrev  0x00002578      0x3e4 build/timers.o
 .debug_abbrev  0x0000295c      0x4d0 build/cmsis_os2.o
 .debug_abbrev  0x00002e2c      0x376 build/heap_4.o
 .debug_abbrev  0x000031a2      0x2a6 build/port.o
 .debug_abbrev  0x00003448       0x12 build/startup_stm32f103xb.o

.debug_loc      0x00000000    0x16060
 .debug_loc     0x00000000      0x21e build/main.o
 .debug_loc     0x0000021e       0x20 build/stm32f1xx_it.o
 .debug_loc     0x0000023e       0xff build/stm32f1xx_hal_msp.o
 .debug_loc     0x0000033d       0xcd build/stm32f1xx_hal_timebase_tim.o
 .debug_loc     0x0000040a      0x1e1 build/stm32f1xx_hal.o
 .debug_loc     0x000005eb      0x7e6 build/stm32f1xx_hal_rcc.o
 .debug_loc     0x00000dd1      0x548 build/stm32f1xx_hal_gpio.o
 .debug_loc     0x00001319      0x76b build/stm32f1xx_hal_cortex.o
 .debug_loc     0x00001a84     0x5e54 build/stm32f1xx_hal_tim.o
 .debug_loc     0x000078d8     0x2363 build/stm32f1xx_hal_tim_ex.o
 .debug_loc     0x00009c3b       0xff build/system_stm32f1xx.o
 .debug_loc     0x00009d3a       0xbf build/list.o
 .debug_loc     0x00009df9     0x1ff7 build/queue.o
 .debug_loc     0x0000bdf0     0x293d build/tasks.o
 .debug_loc     0x0000e72d     0x12d4 build/timers.o
 .debug_loc     0x0000fa01     0x614b build/cmsis_os2.o
 .debug_loc     0x00015b4c      0x3a8 build/heap_4.o
 .debug_loc     0x00015ef4      0x16c build/port.o

.debug_aranges  0x00000000     0x1050
 .debug_aranges
                0x00000000       0x58 build/main.o
 .debug_aranges
                0x00000058       0x50 build/stm32f1xx_it.o
 .debug_aranges
                0x000000a8       0x38 build/stm32f1xx_hal_msp.o
 .debug_aranges
                0x000000e0       0x30 build/stm32f1xx_hal_timebase_tim.o
 .debug_aranges
                0x00000110       0xe0 build/stm32f1xx_hal.o
 .debug_aranges
                0x000001f0       0x90 build/stm32f1xx_hal_rcc.o
 .debug_aranges
                0x00000280       0x58 build/stm32f1xx_hal_gpio.o
 .debug_aranges
                0x000002d8       0x90 build/stm32f1xx_hal_cortex.o
 .debug_aranges
                0x00000368      0x3d0 build/stm32f1xx_hal_tim.o
 .debug_aranges
                0x00000738      0x168 build/stm32f1xx_hal_tim_ex.o
 .debug_aranges
                0x000008a0       0x28 build/system_stm32f1xx.o
 .debug_aranges
                0x000008c8       0x40 build/list.o
 .debug_aranges
                0x00000908      0x158 build/queue.o
 .debug_aranges
                0x00000a60      0x1f8 build/tasks.o
 .debug_aranges
                0x00000c58       0xe0 build/timers.o
 .debug_aranges
                0x00000d38      0x228 build/cmsis_os2.o
 .debug_aranges
                0x00000f60       0x50 build/heap_4.o
 .debug_aranges
                0x00000fb0       0x78 build/port.o
 .debug_aranges
                0x00001028       0x28 build/startup_stm32f103xb.o

.debug_ranges   0x00000000     0x11b8
 .debug_ranges  0x00000000       0x60 build/main.o
 .debug_ranges  0x00000060       0x40 build/stm32f1xx_it.o
 .debug_ranges  0x000000a0       0x28 build/stm32f1xx_hal_msp.o
 .debug_ranges  0x000000c8       0x20 build/stm32f1xx_hal_timebase_tim.o
 .debug_ranges  0x000000e8       0xd0 build/stm32f1xx_hal.o
 .debug_ranges  0x000001b8       0xa0 build/stm32f1xx_hal_rcc.o
 .debug_ranges  0x00000258       0x48 build/stm32f1xx_hal_gpio.o
 .debug_ranges  0x000002a0       0xc8 build/stm32f1xx_hal_cortex.o
 .debug_ranges  0x00000368      0x3c0 build/stm32f1xx_hal_tim.o
 .debug_ranges  0x00000728      0x158 build/stm32f1xx_hal_tim_ex.o
 .debug_ranges  0x00000880       0x18 build/system_stm32f1xx.o
 .debug_ranges  0x00000898       0x30 build/list.o
 .debug_ranges  0x000008c8      0x218 build/queue.o
 .debug_ranges  0x00000ae0      0x328 build/tasks.o
 .debug_ranges  0x00000e08       0xd0 build/timers.o
 .debug_ranges  0x00000ed8      0x218 build/cmsis_os2.o
 .debug_ranges  0x000010f0       0x40 build/heap_4.o
 .debug_ranges  0x00001130       0x68 build/port.o
 .debug_ranges  0x00001198       0x20 build/startup_stm32f103xb.o

.debug_line     0x00000000    0x12490
 .debug_line    0x00000000      0x5c8 build/main.o
 .debug_line    0x000005c8      0x2bf build/stm32f1xx_it.o
 .debug_line    0x00000887      0x306 build/stm32f1xx_hal_msp.o
 .debug_line    0x00000b8d      0x2e6 build/stm32f1xx_hal_timebase_tim.o
 .debug_line    0x00000e73      0x523 build/stm32f1xx_hal.o
 .debug_line    0x00001396      0xbed build/stm32f1xx_hal_rcc.o
 .debug_line    0x00001f83      0x632 build/stm32f1xx_hal_gpio.o
 .debug_line    0x000025b5      0x675 build/stm32f1xx_hal_cortex.o
 .debug_line    0x00002c2a     0x42ef build/stm32f1xx_hal_tim.o
 .debug_line    0x00006f19     0x1a55 build/stm32f1xx_hal_tim_ex.o
 .debug_line    0x0000896e      0x29a build/system_stm32f1xx.o
 .debug_line    0x00008c08      0x47b build/list.o
 .debug_line    0x00009083     0x1fe8 build/queue.o
 .debug_line    0x0000b06b     0x2b50 build/tasks.o
 .debug_line    0x0000dbbb      0xe36 build/timers.o
 .debug_line    0x0000e9f1     0x2d31 build/cmsis_os2.o
 .debug_line    0x00011722      0x706 build/heap_4.o
 .debug_line    0x00011e28      0x5f3 build/port.o
 .debug_line    0x0001241b       0x75 build/startup_stm32f103xb.o

.debug_str      0x00000000     0x5f3f
 .debug_str     0x00000000      0xfee build/main.o
                               0x10ce (size before relaxing)
 .debug_str     0x00000fee       0xa6 build/stm32f1xx_it.o
                                0x7d0 (size before relaxing)
 .debug_str     0x00001094      0x377 build/stm32f1xx_hal_msp.o
                                0xb65 (size before relaxing)
 .debug_str     0x0000140b       0xf6 build/stm32f1xx_hal_timebase_tim.o
                                0xbe4 (size before relaxing)
 .debug_str     0x00001501      0x23f build/stm32f1xx_hal.o
                                0x887 (size before relaxing)
 .debug_str     0x00001740      0x1bb build/stm32f1xx_hal_rcc.o
                                0x6d6 (size before relaxing)
 .debug_str     0x000018fb      0x127 build/stm32f1xx_hal_gpio.o
                                0x4f4 (size before relaxing)
 .debug_str     0x00001a22      0x39c build/stm32f1xx_hal_cortex.o
                                0x9a3 (size before relaxing)
 .debug_str     0x00001dbe      0xda0 build/stm32f1xx_hal_tim.o
                               0x172c (size before relaxing)
 .debug_str     0x00002b5e      0x521 build/stm32f1xx_hal_tim_ex.o
                                0xf2d (size before relaxing)
 .debug_str     0x0000307f       0x4f build/system_stm32f1xx.o
                                0x30a (size before relaxing)
 .debug_str     0x000030ce      0x508 build/list.o
                                0x701 (size before relaxing)
 .debug_str     0x000035d6      0x9b2 build/queue.o
                               0x107f (size before relaxing)
 .debug_str     0x00003f88      0xc4b build/tasks.o
                               0x167b (size before relaxing)
 .debug_str     0x00004bd3      0x5a9 build/timers.o
                                0xff2 (size before relaxing)
 .debug_str     0x0000517c      0xa4d build/cmsis_os2.o
                               0x1cdd (size before relaxing)
 .debug_str     0x00005bc9      0x1d5 build/heap_4.o
                                0x7ea (size before relaxing)
 .debug_str     0x00005d9e      0x17d build/port.o
                                0x477 (size before relaxing)
 .debug_str     0x00005f1b       0x24 build/startup_stm32f103xb.o
                                 0x6b (size before relaxing)

.comment        0x00000000       0x76
 .comment       0x00000000       0x76 build/main.o
                                 0x77 (size before relaxing)
 .comment       0x00000076       0x77 build/stm32f1xx_it.o
 .comment       0x00000076       0x77 build/stm32f1xx_hal_msp.o
 .comment       0x00000076       0x77 build/stm32f1xx_hal_timebase_tim.o
 .comment       0x00000076       0x77 build/stm32f1xx_hal.o
 .comment       0x00000076       0x77 build/stm32f1xx_hal_rcc.o
 .comment       0x00000076       0x77 build/stm32f1xx_hal_gpio.o
 .comment       0x00000076       0x77 build/stm32f1xx_hal_cortex.o
 .comment       0x00000076       0x77 build/stm32f1xx_hal_tim.o
 .comment       0x00000076       0x77 build/stm32f1xx_hal_tim_ex.o
 .comment       0x00000076       0x77 build/system_stm32f1xx.o
 .comment       0x00000076       0x77 build/list.o
 .comment       0x00000076       0x77 build/queue.o
 .comment       0x00000076       0x77 build/tasks.o
 .comment       0x00000076       0x77 build/timers.o
 .comment       0x00000076       0x77 build/cmsis_os2.o
 .comment       0x00000076       0x77 build/heap_4.o
 .comment       0x00000076       0x77 build/port.o

.debug_frame    0x00000000     0x3574
 .debug_frame   0x00000000       0xf8 build/main.o
 .debug_frame   0x000000f8       0x8c build/stm32f1xx_it.o
 .debug_frame   0x00000184       0x74 build/stm32f1xx_hal_msp.o
 .debug_frame   0x000001f8       0x50 build/stm32f1xx_hal_timebase_tim.o
 .debug_frame   0x00000248      0x1e0 build/stm32f1xx_hal.o
 .debug_frame   0x00000428      0x1cc build/stm32f1xx_hal_rcc.o
 .debug_frame   0x000005f4      0x104 build/stm32f1xx_hal_gpio.o
 .debug_frame   0x000006f8      0x13c build/stm32f1xx_hal_cortex.o
 .debug_frame   0x00000834      0xd54 build/stm32f1xx_hal_tim.o
 .debug_frame   0x00001588      0x528 build/stm32f1xx_hal_tim_ex.o
 .debug_frame   0x00001ab0       0x30 build/system_stm32f1xx.o
 .debug_frame   0x00001ae0       0x70 build/list.o
 .debug_frame   0x00001b50      0x4f0 build/queue.o
 .debug_frame   0x00002040      0x734 build/tasks.o
 .debug_frame   0x00002774      0x324 build/timers.o
 .debug_frame   0x00002a98      0x8b8 build/cmsis_os2.o
 .debug_frame   0x00003350       0xbc build/heap_4.o
 .debug_frame   0x0000340c       0xf4 build/port.o
 .debug_frame   0x00003500       0x2c c:/program files (x86)/gnu tools arm embedded/8 2019-q3-update/bin/../lib/gcc/arm-none-eabi/8.3.1/../../../../arm-none-eabi/lib/thumb/v7-m/nofp\libc_nano.a(lib_a-init.o)
 .debug_frame   0x0000352c       0x28 c:/program files (x86)/gnu tools arm embedded/8 2019-q3-update/bin/../lib/gcc/arm-none-eabi/8.3.1/../../../../arm-none-eabi/lib/thumb/v7-m/nofp\libc_nano.a(lib_a-memcpy-stub.o)
 .debug_frame   0x00003554       0x20 c:/program files (x86)/gnu tools arm embedded/8 2019-q3-update/bin/../lib/gcc/arm-none-eabi/8.3.1/../../../../arm-none-eabi/lib/thumb/v7-m/nofp\libc_nano.a(lib_a-memset.o)

Cross Reference Table

Symbol                                            File
ADC1_2_IRQHandler                                 build/startup_stm32f103xb.o
AHBPrescTable                                     build/system_stm32f1xx.o
                                                  build/stm32f1xx_hal_rcc.o
APBPrescTable                                     build/system_stm32f1xx.o
                                                  build/stm32f1xx_hal_rcc.o
BusFault_Handler                                  build/stm32f1xx_it.o
CAN1_RX1_IRQHandler                               build/startup_stm32f103xb.o
CAN1_SCE_IRQHandler                               build/startup_stm32f103xb.o
DMA1_Channel1_IRQHandler                          build/startup_stm32f103xb.o
DMA1_Channel2_IRQHandler                          build/startup_stm32f103xb.o
DMA1_Channel3_IRQHandler                          build/startup_stm32f103xb.o
DMA1_Channel4_IRQHandler                          build/startup_stm32f103xb.o
DMA1_Channel5_IRQHandler                          build/startup_stm32f103xb.o
DMA1_Channel6_IRQHandler                          build/startup_stm32f103xb.o
DMA1_Channel7_IRQHandler                          build/startup_stm32f103xb.o
DebugMon_Handler                                  build/stm32f1xx_it.o
Default_Handler                                   build/startup_stm32f103xb.o
EXTI0_IRQHandler                                  build/startup_stm32f103xb.o
EXTI15_10_IRQHandler                              build/startup_stm32f103xb.o
EXTI1_IRQHandler                                  build/startup_stm32f103xb.o
EXTI2_IRQHandler                                  build/startup_stm32f103xb.o
EXTI3_IRQHandler                                  build/startup_stm32f103xb.o
EXTI4_IRQHandler                                  build/startup_stm32f103xb.o
EXTI9_5_IRQHandler                                build/startup_stm32f103xb.o
Error_Handler                                     build/main.o
FLASH_IRQHandler                                  build/startup_stm32f103xb.o
FLASH_PageErase                                   build/stm32f1xx_hal_flash_ex.o
                                                  build/stm32f1xx_hal_flash.o
FLASH_WaitForLastOperation                        build/stm32f1xx_hal_flash.o
                                                  build/stm32f1xx_hal_flash_ex.o
HAL_DBGMCU_DisableDBGSleepMode                    build/stm32f1xx_hal.o
HAL_DBGMCU_DisableDBGStandbyMode                  build/stm32f1xx_hal.o
HAL_DBGMCU_DisableDBGStopMode                     build/stm32f1xx_hal.o
HAL_DBGMCU_EnableDBGSleepMode                     build/stm32f1xx_hal.o
HAL_DBGMCU_EnableDBGStandbyMode                   build/stm32f1xx_hal.o
HAL_DBGMCU_EnableDBGStopMode                      build/stm32f1xx_hal.o
HAL_DMA_Abort                                     build/stm32f1xx_hal_dma.o
HAL_DMA_Abort_IT                                  build/stm32f1xx_hal_dma.o
                                                  build/stm32f1xx_hal_tim_ex.o
                                                  build/stm32f1xx_hal_tim.o
HAL_DMA_DeInit                                    build/stm32f1xx_hal_dma.o
HAL_DMA_GetError                                  build/stm32f1xx_hal_dma.o
HAL_DMA_GetState                                  build/stm32f1xx_hal_dma.o
HAL_DMA_IRQHandler                                build/stm32f1xx_hal_dma.o
HAL_DMA_Init                                      build/stm32f1xx_hal_dma.o
HAL_DMA_PollForTransfer                           build/stm32f1xx_hal_dma.o
HAL_DMA_RegisterCallback                          build/stm32f1xx_hal_dma.o
HAL_DMA_Start                                     build/stm32f1xx_hal_dma.o
HAL_DMA_Start_IT                                  build/stm32f1xx_hal_dma.o
                                                  build/stm32f1xx_hal_tim_ex.o
                                                  build/stm32f1xx_hal_tim.o
HAL_DMA_UnRegisterCallback                        build/stm32f1xx_hal_dma.o
HAL_DeInit                                        build/stm32f1xx_hal.o
HAL_Delay                                         build/stm32f1xx_hal.o
HAL_EXTI_ClearConfigLine                          build/stm32f1xx_hal_exti.o
HAL_EXTI_ClearPending                             build/stm32f1xx_hal_exti.o
HAL_EXTI_GenerateSWI                              build/stm32f1xx_hal_exti.o
HAL_EXTI_GetConfigLine                            build/stm32f1xx_hal_exti.o
HAL_EXTI_GetHandle                                build/stm32f1xx_hal_exti.o
HAL_EXTI_GetPending                               build/stm32f1xx_hal_exti.o
HAL_EXTI_IRQHandler                               build/stm32f1xx_hal_exti.o
HAL_EXTI_RegisterCallback                         build/stm32f1xx_hal_exti.o
HAL_EXTI_SetConfigLine                            build/stm32f1xx_hal_exti.o
HAL_FLASHEx_Erase                                 build/stm32f1xx_hal_flash_ex.o
HAL_FLASHEx_Erase_IT                              build/stm32f1xx_hal_flash_ex.o
HAL_FLASHEx_OBErase                               build/stm32f1xx_hal_flash_ex.o
HAL_FLASHEx_OBGetConfig                           build/stm32f1xx_hal_flash_ex.o
HAL_FLASHEx_OBGetUserData                         build/stm32f1xx_hal_flash_ex.o
HAL_FLASHEx_OBProgram                             build/stm32f1xx_hal_flash_ex.o
HAL_FLASH_EndOfOperationCallback                  build/stm32f1xx_hal_flash.o
HAL_FLASH_GetError                                build/stm32f1xx_hal_flash.o
HAL_FLASH_IRQHandler                              build/stm32f1xx_hal_flash.o
HAL_FLASH_Lock                                    build/stm32f1xx_hal_flash.o
HAL_FLASH_OB_Launch                               build/stm32f1xx_hal_flash.o
HAL_FLASH_OB_Lock                                 build/stm32f1xx_hal_flash.o
HAL_FLASH_OB_Unlock                               build/stm32f1xx_hal_flash.o
HAL_FLASH_OperationErrorCallback                  build/stm32f1xx_hal_flash.o
HAL_FLASH_Program                                 build/stm32f1xx_hal_flash.o
HAL_FLASH_Program_IT                              build/stm32f1xx_hal_flash.o
HAL_FLASH_Unlock                                  build/stm32f1xx_hal_flash.o
HAL_GPIOEx_ConfigEventout                         build/stm32f1xx_hal_gpio_ex.o
HAL_GPIOEx_DisableEventout                        build/stm32f1xx_hal_gpio_ex.o
HAL_GPIOEx_EnableEventout                         build/stm32f1xx_hal_gpio_ex.o
HAL_GPIO_DeInit                                   build/stm32f1xx_hal_gpio.o
HAL_GPIO_EXTI_Callback                            build/stm32f1xx_hal_gpio.o
HAL_GPIO_EXTI_IRQHandler                          build/stm32f1xx_hal_gpio.o
HAL_GPIO_Init                                     build/stm32f1xx_hal_gpio.o
                                                  build/stm32f1xx_hal_rcc.o
                                                  build/stm32f1xx_hal_msp.o
                                                  build/main.o
HAL_GPIO_LockPin                                  build/stm32f1xx_hal_gpio.o
HAL_GPIO_ReadPin                                  build/stm32f1xx_hal_gpio.o
HAL_GPIO_TogglePin                                build/stm32f1xx_hal_gpio.o
HAL_GPIO_WritePin                                 build/stm32f1xx_hal_gpio.o
                                                  build/main.o
HAL_GetDEVID                                      build/stm32f1xx_hal.o
HAL_GetHalVersion                                 build/stm32f1xx_hal.o
HAL_GetREVID                                      build/stm32f1xx_hal.o
HAL_GetTick                                       build/stm32f1xx_hal.o
                                                  build/stm32f1xx_hal_flash.o
                                                  build/stm32f1xx_hal_dma.o
                                                  build/stm32f1xx_hal_rcc_ex.o
                                                  build/stm32f1xx_hal_rcc.o
HAL_GetTickFreq                                   build/stm32f1xx_hal.o
HAL_GetTickPrio                                   build/stm32f1xx_hal.o
HAL_GetUIDw0                                      build/stm32f1xx_hal.o
HAL_GetUIDw1                                      build/stm32f1xx_hal.o
HAL_GetUIDw2                                      build/stm32f1xx_hal.o
HAL_IncTick                                       build/stm32f1xx_hal.o
                                                  build/main.o
HAL_Init                                          build/stm32f1xx_hal.o
                                                  build/main.o
HAL_InitTick                                      build/stm32f1xx_hal_timebase_tim.o
                                                  build/stm32f1xx_hal_rcc.o
HAL_MspDeInit                                     build/stm32f1xx_hal.o
HAL_MspInit                                       build/stm32f1xx_hal_msp.o
HAL_NVIC_ClearPendingIRQ                          build/stm32f1xx_hal_cortex.o
HAL_NVIC_DisableIRQ                               build/stm32f1xx_hal_cortex.o
HAL_NVIC_EnableIRQ                                build/stm32f1xx_hal_cortex.o
                                                  build/stm32f1xx_hal_timebase_tim.o
HAL_NVIC_GetActive                                build/stm32f1xx_hal_cortex.o
HAL_NVIC_GetPendingIRQ                            build/stm32f1xx_hal_cortex.o
HAL_NVIC_GetPriority                              build/stm32f1xx_hal_cortex.o
HAL_NVIC_GetPriorityGrouping                      build/stm32f1xx_hal_cortex.o
HAL_NVIC_SetPendingIRQ                            build/stm32f1xx_hal_cortex.o
HAL_NVIC_SetPriority                              build/stm32f1xx_hal_cortex.o
                                                  build/stm32f1xx_hal.o
                                                  build/stm32f1xx_hal_timebase_tim.o
                                                  build/stm32f1xx_hal_msp.o
HAL_NVIC_SetPriorityGrouping                      build/stm32f1xx_hal_cortex.o
                                                  build/stm32f1xx_hal.o
HAL_NVIC_SystemReset                              build/stm32f1xx_hal_cortex.o
                                                  build/stm32f1xx_hal_flash.o
HAL_PWR_ConfigPVD                                 build/stm32f1xx_hal_pwr.o
HAL_PWR_DeInit                                    build/stm32f1xx_hal_pwr.o
HAL_PWR_DisableBkUpAccess                         build/stm32f1xx_hal_pwr.o
HAL_PWR_DisablePVD                                build/stm32f1xx_hal_pwr.o
HAL_PWR_DisableSEVOnPend                          build/stm32f1xx_hal_pwr.o
HAL_PWR_DisableSleepOnExit                        build/stm32f1xx_hal_pwr.o
HAL_PWR_DisableWakeUpPin                          build/stm32f1xx_hal_pwr.o
HAL_PWR_EnableBkUpAccess                          build/stm32f1xx_hal_pwr.o
HAL_PWR_EnablePVD                                 build/stm32f1xx_hal_pwr.o
HAL_PWR_EnableSEVOnPend                           build/stm32f1xx_hal_pwr.o
HAL_PWR_EnableSleepOnExit                         build/stm32f1xx_hal_pwr.o
HAL_PWR_EnableWakeUpPin                           build/stm32f1xx_hal_pwr.o
HAL_PWR_EnterSLEEPMode                            build/stm32f1xx_hal_pwr.o
HAL_PWR_EnterSTANDBYMode                          build/stm32f1xx_hal_pwr.o
HAL_PWR_EnterSTOPMode                             build/stm32f1xx_hal_pwr.o
HAL_PWR_PVDCallback                               build/stm32f1xx_hal_pwr.o
HAL_PWR_PVD_IRQHandler                            build/stm32f1xx_hal_pwr.o
HAL_RCCEx_GetPeriphCLKConfig                      build/stm32f1xx_hal_rcc_ex.o
HAL_RCCEx_GetPeriphCLKFreq                        build/stm32f1xx_hal_rcc_ex.o
HAL_RCCEx_PeriphCLKConfig                         build/stm32f1xx_hal_rcc_ex.o
HAL_RCC_CSSCallback                               build/stm32f1xx_hal_rcc.o
HAL_RCC_ClockConfig                               build/stm32f1xx_hal_rcc.o
                                                  build/main.o
HAL_RCC_DeInit                                    build/stm32f1xx_hal_rcc.o
HAL_RCC_DisableCSS                                build/stm32f1xx_hal_rcc.o
HAL_RCC_EnableCSS                                 build/stm32f1xx_hal_rcc.o
HAL_RCC_GetClockConfig                            build/stm32f1xx_hal_rcc.o
                                                  build/stm32f1xx_hal_timebase_tim.o
HAL_RCC_GetHCLKFreq                               build/stm32f1xx_hal_rcc.o
HAL_RCC_GetOscConfig                              build/stm32f1xx_hal_rcc.o
HAL_RCC_GetPCLK1Freq                              build/stm32f1xx_hal_rcc.o
                                                  build/stm32f1xx_hal_timebase_tim.o
HAL_RCC_GetPCLK2Freq                              build/stm32f1xx_hal_rcc.o
                                                  build/stm32f1xx_hal_rcc_ex.o
HAL_RCC_GetSysClockFreq                           build/stm32f1xx_hal_rcc.o
HAL_RCC_MCOConfig                                 build/stm32f1xx_hal_rcc.o
HAL_RCC_NMI_IRQHandler                            build/stm32f1xx_hal_rcc.o
HAL_RCC_OscConfig                                 build/stm32f1xx_hal_rcc.o
                                                  build/main.o
HAL_ResumeTick                                    build/stm32f1xx_hal_timebase_tim.o
HAL_SYSTICK_CLKSourceConfig                       build/stm32f1xx_hal_cortex.o
HAL_SYSTICK_Callback                              build/stm32f1xx_hal_cortex.o
HAL_SYSTICK_Config                                build/stm32f1xx_hal_cortex.o
                                                  build/stm32f1xx_hal.o
HAL_SYSTICK_IRQHandler                            build/stm32f1xx_hal_cortex.o
HAL_SetTickFreq                                   build/stm32f1xx_hal.o
HAL_SuspendTick                                   build/stm32f1xx_hal_timebase_tim.o
HAL_TIMEx_BreakCallback                           build/stm32f1xx_hal_tim_ex.o
                                                  build/stm32f1xx_hal_tim.o
HAL_TIMEx_CommutCallback                          build/stm32f1xx_hal_tim_ex.o
                                                  build/stm32f1xx_hal_tim.o
HAL_TIMEx_CommutHalfCpltCallback                  build/stm32f1xx_hal_tim_ex.o
HAL_TIMEx_ConfigBreakDeadTime                     build/stm32f1xx_hal_tim_ex.o
HAL_TIMEx_ConfigCommutEvent                       build/stm32f1xx_hal_tim_ex.o
HAL_TIMEx_ConfigCommutEvent_DMA                   build/stm32f1xx_hal_tim_ex.o
HAL_TIMEx_ConfigCommutEvent_IT                    build/stm32f1xx_hal_tim_ex.o
HAL_TIMEx_GetChannelNState                        build/stm32f1xx_hal_tim_ex.o
HAL_TIMEx_HallSensor_DeInit                       build/stm32f1xx_hal_tim_ex.o
HAL_TIMEx_HallSensor_GetState                     build/stm32f1xx_hal_tim_ex.o
HAL_TIMEx_HallSensor_Init                         build/stm32f1xx_hal_tim_ex.o
HAL_TIMEx_HallSensor_MspDeInit                    build/stm32f1xx_hal_tim_ex.o
HAL_TIMEx_HallSensor_MspInit                      build/stm32f1xx_hal_tim_ex.o
HAL_TIMEx_HallSensor_Start                        build/stm32f1xx_hal_tim_ex.o
HAL_TIMEx_HallSensor_Start_DMA                    build/stm32f1xx_hal_tim_ex.o
HAL_TIMEx_HallSensor_Start_IT                     build/stm32f1xx_hal_tim_ex.o
HAL_TIMEx_HallSensor_Stop                         build/stm32f1xx_hal_tim_ex.o
HAL_TIMEx_HallSensor_Stop_DMA                     build/stm32f1xx_hal_tim_ex.o
HAL_TIMEx_HallSensor_Stop_IT                      build/stm32f1xx_hal_tim_ex.o
HAL_TIMEx_MasterConfigSynchronization             build/stm32f1xx_hal_tim_ex.o
                                                  build/main.o
HAL_TIMEx_OCN_Start                               build/stm32f1xx_hal_tim_ex.o
HAL_TIMEx_OCN_Start_DMA                           build/stm32f1xx_hal_tim_ex.o
HAL_TIMEx_OCN_Start_IT                            build/stm32f1xx_hal_tim_ex.o
HAL_TIMEx_OCN_Stop                                build/stm32f1xx_hal_tim_ex.o
HAL_TIMEx_OCN_Stop_DMA                            build/stm32f1xx_hal_tim_ex.o
HAL_TIMEx_OCN_Stop_IT                             build/stm32f1xx_hal_tim_ex.o
HAL_TIMEx_OnePulseN_Start                         build/stm32f1xx_hal_tim_ex.o
HAL_TIMEx_OnePulseN_Start_IT                      build/stm32f1xx_hal_tim_ex.o
HAL_TIMEx_OnePulseN_Stop                          build/stm32f1xx_hal_tim_ex.o
HAL_TIMEx_OnePulseN_Stop_IT                       build/stm32f1xx_hal_tim_ex.o
HAL_TIMEx_PWMN_Start                              build/stm32f1xx_hal_tim_ex.o
HAL_TIMEx_PWMN_Start_DMA                          build/stm32f1xx_hal_tim_ex.o
HAL_TIMEx_PWMN_Start_IT                           build/stm32f1xx_hal_tim_ex.o
HAL_TIMEx_PWMN_Stop                               build/stm32f1xx_hal_tim_ex.o
HAL_TIMEx_PWMN_Stop_DMA                           build/stm32f1xx_hal_tim_ex.o
HAL_TIMEx_PWMN_Stop_IT                            build/stm32f1xx_hal_tim_ex.o
HAL_TIMEx_RemapConfig                             build/stm32f1xx_hal_tim_ex.o
HAL_TIM_Base_DeInit                               build/stm32f1xx_hal_tim.o
HAL_TIM_Base_GetState                             build/stm32f1xx_hal_tim.o
HAL_TIM_Base_Init                                 build/stm32f1xx_hal_tim.o
                                                  build/stm32f1xx_hal_timebase_tim.o
                                                  build/main.o
HAL_TIM_Base_MspDeInit                            build/stm32f1xx_hal_msp.o
HAL_TIM_Base_MspInit                              build/stm32f1xx_hal_msp.o
HAL_TIM_Base_Start                                build/stm32f1xx_hal_tim.o
HAL_TIM_Base_Start_DMA                            build/stm32f1xx_hal_tim.o
HAL_TIM_Base_Start_IT                             build/stm32f1xx_hal_tim.o
                                                  build/stm32f1xx_hal_timebase_tim.o
HAL_TIM_Base_Stop                                 build/stm32f1xx_hal_tim.o
HAL_TIM_Base_Stop_DMA                             build/stm32f1xx_hal_tim.o
HAL_TIM_Base_Stop_IT                              build/stm32f1xx_hal_tim.o
HAL_TIM_ConfigClockSource                         build/stm32f1xx_hal_tim.o
                                                  build/main.o
HAL_TIM_ConfigOCrefClear                          build/stm32f1xx_hal_tim.o
HAL_TIM_ConfigTI1Input                            build/stm32f1xx_hal_tim.o
HAL_TIM_DMABurstState                             build/stm32f1xx_hal_tim.o
HAL_TIM_DMABurst_MultiReadStart                   build/stm32f1xx_hal_tim.o
HAL_TIM_DMABurst_MultiWriteStart                  build/stm32f1xx_hal_tim.o
HAL_TIM_DMABurst_ReadStart                        build/stm32f1xx_hal_tim.o
HAL_TIM_DMABurst_ReadStop                         build/stm32f1xx_hal_tim.o
HAL_TIM_DMABurst_WriteStart                       build/stm32f1xx_hal_tim.o
HAL_TIM_DMABurst_WriteStop                        build/stm32f1xx_hal_tim.o
HAL_TIM_Encoder_DeInit                            build/stm32f1xx_hal_tim.o
HAL_TIM_Encoder_GetState                          build/stm32f1xx_hal_tim.o
HAL_TIM_Encoder_Init                              build/stm32f1xx_hal_tim.o
HAL_TIM_Encoder_MspDeInit                         build/stm32f1xx_hal_tim.o
HAL_TIM_Encoder_MspInit                           build/stm32f1xx_hal_tim.o
HAL_TIM_Encoder_Start                             build/stm32f1xx_hal_tim.o
HAL_TIM_Encoder_Start_DMA                         build/stm32f1xx_hal_tim.o
HAL_TIM_Encoder_Start_IT                          build/stm32f1xx_hal_tim.o
HAL_TIM_Encoder_Stop                              build/stm32f1xx_hal_tim.o
HAL_TIM_Encoder_Stop_DMA                          build/stm32f1xx_hal_tim.o
HAL_TIM_Encoder_Stop_IT                           build/stm32f1xx_hal_tim.o
HAL_TIM_ErrorCallback                             build/stm32f1xx_hal_tim.o
                                                  build/stm32f1xx_hal_tim_ex.o
HAL_TIM_GenerateEvent                             build/stm32f1xx_hal_tim.o
HAL_TIM_GetActiveChannel                          build/stm32f1xx_hal_tim.o
HAL_TIM_GetChannelState                           build/stm32f1xx_hal_tim.o
HAL_TIM_IC_CaptureCallback                        build/stm32f1xx_hal_tim.o
HAL_TIM_IC_CaptureHalfCpltCallback                build/stm32f1xx_hal_tim.o
HAL_TIM_IC_ConfigChannel                          build/stm32f1xx_hal_tim.o
HAL_TIM_IC_DeInit                                 build/stm32f1xx_hal_tim.o
HAL_TIM_IC_GetState                               build/stm32f1xx_hal_tim.o
HAL_TIM_IC_Init                                   build/stm32f1xx_hal_tim.o
HAL_TIM_IC_MspDeInit                              build/stm32f1xx_hal_tim.o
HAL_TIM_IC_MspInit                                build/stm32f1xx_hal_tim.o
HAL_TIM_IC_Start                                  build/stm32f1xx_hal_tim.o
HAL_TIM_IC_Start_DMA                              build/stm32f1xx_hal_tim.o
HAL_TIM_IC_Start_IT                               build/stm32f1xx_hal_tim.o
HAL_TIM_IC_Stop                                   build/stm32f1xx_hal_tim.o
HAL_TIM_IC_Stop_DMA                               build/stm32f1xx_hal_tim.o
HAL_TIM_IC_Stop_IT                                build/stm32f1xx_hal_tim.o
HAL_TIM_IRQHandler                                build/stm32f1xx_hal_tim.o
                                                  build/stm32f1xx_it.o
HAL_TIM_MspPostInit                               build/stm32f1xx_hal_msp.o
                                                  build/main.o
HAL_TIM_OC_ConfigChannel                          build/stm32f1xx_hal_tim.o
HAL_TIM_OC_DeInit                                 build/stm32f1xx_hal_tim.o
HAL_TIM_OC_DelayElapsedCallback                   build/stm32f1xx_hal_tim.o
HAL_TIM_OC_GetState                               build/stm32f1xx_hal_tim.o
HAL_TIM_OC_Init                                   build/stm32f1xx_hal_tim.o
HAL_TIM_OC_MspDeInit                              build/stm32f1xx_hal_tim.o
HAL_TIM_OC_MspInit                                build/stm32f1xx_hal_tim.o
HAL_TIM_OC_Start                                  build/stm32f1xx_hal_tim.o
HAL_TIM_OC_Start_DMA                              build/stm32f1xx_hal_tim.o
HAL_TIM_OC_Start_IT                               build/stm32f1xx_hal_tim.o
HAL_TIM_OC_Stop                                   build/stm32f1xx_hal_tim.o
HAL_TIM_OC_Stop_DMA                               build/stm32f1xx_hal_tim.o
HAL_TIM_OC_Stop_IT                                build/stm32f1xx_hal_tim.o
HAL_TIM_OnePulse_ConfigChannel                    build/stm32f1xx_hal_tim.o
HAL_TIM_OnePulse_DeInit                           build/stm32f1xx_hal_tim.o
HAL_TIM_OnePulse_GetState                         build/stm32f1xx_hal_tim.o
HAL_TIM_OnePulse_Init                             build/stm32f1xx_hal_tim.o
HAL_TIM_OnePulse_MspDeInit                        build/stm32f1xx_hal_tim.o
HAL_TIM_OnePulse_MspInit                          build/stm32f1xx_hal_tim.o
HAL_TIM_OnePulse_Start                            build/stm32f1xx_hal_tim.o
HAL_TIM_OnePulse_Start_IT                         build/stm32f1xx_hal_tim.o
HAL_TIM_OnePulse_Stop                             build/stm32f1xx_hal_tim.o
HAL_TIM_OnePulse_Stop_IT                          build/stm32f1xx_hal_tim.o
HAL_TIM_PWM_ConfigChannel                         build/stm32f1xx_hal_tim.o
                                                  build/main.o
HAL_TIM_PWM_DeInit                                build/stm32f1xx_hal_tim.o
HAL_TIM_PWM_GetState                              build/stm32f1xx_hal_tim.o
HAL_TIM_PWM_Init                                  build/stm32f1xx_hal_tim.o
                                                  build/main.o
HAL_TIM_PWM_MspDeInit                             build/stm32f1xx_hal_tim.o
HAL_TIM_PWM_MspInit                               build/stm32f1xx_hal_tim.o
HAL_TIM_PWM_PulseFinishedCallback                 build/stm32f1xx_hal_tim.o
                                                  build/stm32f1xx_hal_tim_ex.o
HAL_TIM_PWM_PulseFinishedHalfCpltCallback         build/stm32f1xx_hal_tim.o
HAL_TIM_PWM_Start                                 build/stm32f1xx_hal_tim.o
                                                  build/main.o
HAL_TIM_PWM_Start_DMA                             build/stm32f1xx_hal_tim.o
HAL_TIM_PWM_Start_IT                              build/stm32f1xx_hal_tim.o
HAL_TIM_PWM_Stop                                  build/stm32f1xx_hal_tim.o
HAL_TIM_PWM_Stop_DMA                              build/stm32f1xx_hal_tim.o
HAL_TIM_PWM_Stop_IT                               build/stm32f1xx_hal_tim.o
HAL_TIM_PeriodElapsedCallback                     build/main.o
HAL_TIM_PeriodElapsedHalfCpltCallback             build/stm32f1xx_hal_tim.o
HAL_TIM_ReadCapturedValue                         build/stm32f1xx_hal_tim.o
HAL_TIM_SlaveConfigSynchro                        build/stm32f1xx_hal_tim.o
HAL_TIM_SlaveConfigSynchro_IT                     build/stm32f1xx_hal_tim.o
HAL_TIM_TriggerCallback                           build/stm32f1xx_hal_tim.o
HAL_TIM_TriggerHalfCpltCallback                   build/stm32f1xx_hal_tim.o
HardFault_Handler                                 build/stm32f1xx_it.o
I2C1_ER_IRQHandler                                build/startup_stm32f103xb.o
I2C1_EV_IRQHandler                                build/startup_stm32f103xb.o
I2C2_ER_IRQHandler                                build/startup_stm32f103xb.o
I2C2_EV_IRQHandler                                build/startup_stm32f103xb.o
MemManage_Handler                                 build/stm32f1xx_it.o
NMI_Handler                                       build/stm32f1xx_it.o
PVD_IRQHandler                                    build/startup_stm32f103xb.o
PendSV_Handler                                    build/port.o
RCC_IRQHandler                                    build/startup_stm32f103xb.o
RTC_Alarm_IRQHandler                              build/startup_stm32f103xb.o
RTC_IRQHandler                                    build/startup_stm32f103xb.o
Reset_Handler                                     build/startup_stm32f103xb.o
SPI1_IRQHandler                                   build/startup_stm32f103xb.o
SPI2_IRQHandler                                   build/startup_stm32f103xb.o
SVC_Handler                                       build/port.o
StartServo02                                      build/main.o
StartServoTask01                                  build/main.o
SysTick_Handler                                   build/port.o
SystemClock_Config                                build/main.o
SystemCoreClock                                   build/system_stm32f1xx.o
                                                  build/port.o
                                                  build/cmsis_os2.o
                                                  build/stm32f1xx_hal_rcc.o
                                                  build/stm32f1xx_hal.o
SystemCoreClockUpdate                             build/system_stm32f1xx.o
SystemInit                                        build/system_stm32f1xx.o
                                                  build/startup_stm32f103xb.o
TAMPER_IRQHandler                                 build/startup_stm32f103xb.o
TIM1_BRK_IRQHandler                               build/startup_stm32f103xb.o
TIM1_CC_IRQHandler                                build/startup_stm32f103xb.o
TIM1_TRG_COM_IRQHandler                           build/startup_stm32f103xb.o
TIM1_UP_IRQHandler                                build/startup_stm32f103xb.o
TIM2_IRQHandler                                   build/startup_stm32f103xb.o
TIM3_IRQHandler                                   build/startup_stm32f103xb.o
TIM4_IRQHandler                                   build/stm32f1xx_it.o
TIMEx_DMACommutationCplt                          build/stm32f1xx_hal_tim_ex.o
                                                  build/stm32f1xx_hal_tim.o
TIMEx_DMACommutationHalfCplt                      build/stm32f1xx_hal_tim_ex.o
                                                  build/stm32f1xx_hal_tim.o
TIM_Base_SetConfig                                build/stm32f1xx_hal_tim.o
                                                  build/stm32f1xx_hal_tim_ex.o
TIM_CCxChannelCmd                                 build/stm32f1xx_hal_tim.o
                                                  build/stm32f1xx_hal_tim_ex.o
TIM_DMACaptureCplt                                build/stm32f1xx_hal_tim.o
                                                  build/stm32f1xx_hal_tim_ex.o
TIM_DMACaptureHalfCplt                            build/stm32f1xx_hal_tim.o
                                                  build/stm32f1xx_hal_tim_ex.o
TIM_DMADelayPulseHalfCplt                         build/stm32f1xx_hal_tim.o
                                                  build/stm32f1xx_hal_tim_ex.o
TIM_DMAError                                      build/stm32f1xx_hal_tim.o
                                                  build/stm32f1xx_hal_tim_ex.o
TIM_ETR_SetConfig                                 build/stm32f1xx_hal_tim.o
TIM_OC2_SetConfig                                 build/stm32f1xx_hal_tim.o
                                                  build/stm32f1xx_hal_tim_ex.o
TIM_TI1_SetConfig                                 build/stm32f1xx_hal_tim.o
                                                  build/stm32f1xx_hal_tim_ex.o
USART1_IRQHandler                                 build/startup_stm32f103xb.o
USART2_IRQHandler                                 build/startup_stm32f103xb.o
USART3_IRQHandler                                 build/startup_stm32f103xb.o
USBWakeUp_IRQHandler                              build/startup_stm32f103xb.o
USB_HP_CAN1_TX_IRQHandler                         build/startup_stm32f103xb.o
USB_LP_CAN1_RX0_IRQHandler                        build/startup_stm32f103xb.o
UsageFault_Handler                                build/stm32f1xx_it.o
WWDG_IRQHandler                                   build/startup_stm32f103xb.o
__bss_end__                                       c:/program files (x86)/gnu tools arm embedded/8 2019-q3-update/bin/../lib/gcc/arm-none-eabi/8.3.1/../../../../arm-none-eabi/lib/thumb/v7-m/nofp/crt0.o
__bss_start__                                     c:/program files (x86)/gnu tools arm embedded/8 2019-q3-update/bin/../lib/gcc/arm-none-eabi/8.3.1/../../../../arm-none-eabi/lib/thumb/v7-m/nofp/crt0.o
__call_exitprocs                                  c:/program files (x86)/gnu tools arm embedded/8 2019-q3-update/bin/../lib/gcc/arm-none-eabi/8.3.1/../../../../arm-none-eabi/lib/thumb/v7-m/nofp\libc_nano.a(lib_a-exit.o)
__deregister_frame_info                           c:/program files (x86)/gnu tools arm embedded/8 2019-q3-update/bin/../lib/gcc/arm-none-eabi/8.3.1/thumb/v7-m/nofp/crtbegin.o
__dso_handle                                      c:/program files (x86)/gnu tools arm embedded/8 2019-q3-update/bin/../lib/gcc/arm-none-eabi/8.3.1/thumb/v7-m/nofp/crtbegin.o
__init_array_end                                  c:/program files (x86)/gnu tools arm embedded/8 2019-q3-update/bin/../lib/gcc/arm-none-eabi/8.3.1/../../../../arm-none-eabi/lib/thumb/v7-m/nofp\libc_nano.a(lib_a-init.o)
__init_array_start                                c:/program files (x86)/gnu tools arm embedded/8 2019-q3-update/bin/../lib/gcc/arm-none-eabi/8.3.1/../../../../arm-none-eabi/lib/thumb/v7-m/nofp\libc_nano.a(lib_a-init.o)
__libc_fini_array                                 c:/program files (x86)/gnu tools arm embedded/8 2019-q3-update/bin/../lib/gcc/arm-none-eabi/8.3.1/../../../../arm-none-eabi/lib/thumb/v7-m/nofp/crt0.o
__libc_init_array                                 c:/program files (x86)/gnu tools arm embedded/8 2019-q3-update/bin/../lib/gcc/arm-none-eabi/8.3.1/../../../../arm-none-eabi/lib/thumb/v7-m/nofp\libc_nano.a(lib_a-init.o)
                                                  build/startup_stm32f103xb.o
                                                  c:/program files (x86)/gnu tools arm embedded/8 2019-q3-update/bin/../lib/gcc/arm-none-eabi/8.3.1/../../../../arm-none-eabi/lib/thumb/v7-m/nofp/crt0.o
__preinit_array_end                               c:/program files (x86)/gnu tools arm embedded/8 2019-q3-update/bin/../lib/gcc/arm-none-eabi/8.3.1/../../../../arm-none-eabi/lib/thumb/v7-m/nofp\libc_nano.a(lib_a-init.o)
__preinit_array_start                             c:/program files (x86)/gnu tools arm embedded/8 2019-q3-update/bin/../lib/gcc/arm-none-eabi/8.3.1/../../../../arm-none-eabi/lib/thumb/v7-m/nofp\libc_nano.a(lib_a-init.o)
__register_frame_info                             c:/program files (x86)/gnu tools arm embedded/8 2019-q3-update/bin/../lib/gcc/arm-none-eabi/8.3.1/thumb/v7-m/nofp/crtbegin.o
__sf_fake_stderr                                  c:/program files (x86)/gnu tools arm embedded/8 2019-q3-update/bin/../lib/gcc/arm-none-eabi/8.3.1/../../../../arm-none-eabi/lib/thumb/v7-m/nofp\libc_nano.a(lib_a-impure.o)
__sf_fake_stdin                                   c:/program files (x86)/gnu tools arm embedded/8 2019-q3-update/bin/../lib/gcc/arm-none-eabi/8.3.1/../../../../arm-none-eabi/lib/thumb/v7-m/nofp\libc_nano.a(lib_a-impure.o)
__sf_fake_stdout                                  c:/program files (x86)/gnu tools arm embedded/8 2019-q3-update/bin/../lib/gcc/arm-none-eabi/8.3.1/../../../../arm-none-eabi/lib/thumb/v7-m/nofp\libc_nano.a(lib_a-impure.o)
__stack                                           c:/program files (x86)/gnu tools arm embedded/8 2019-q3-update/bin/../lib/gcc/arm-none-eabi/8.3.1/../../../../arm-none-eabi/lib/thumb/v7-m/nofp/crt0.o
_ebss                                             build/startup_stm32f103xb.o
_edata                                            build/startup_stm32f103xb.o
_estack                                           build/startup_stm32f103xb.o
_exit                                             c:/program files (x86)/gnu tools arm embedded/8 2019-q3-update/bin/../lib/gcc/arm-none-eabi/8.3.1/../../../../arm-none-eabi/lib/thumb/v7-m/nofp\libnosys.a(_exit.o)
                                                  c:/program files (x86)/gnu tools arm embedded/8 2019-q3-update/bin/../lib/gcc/arm-none-eabi/8.3.1/../../../../arm-none-eabi/lib/thumb/v7-m/nofp\libc_nano.a(lib_a-exit.o)
_fini                                             c:/program files (x86)/gnu tools arm embedded/8 2019-q3-update/bin/../lib/gcc/arm-none-eabi/8.3.1/thumb/v7-m/nofp/crti.o
_global_impure_ptr                                c:/program files (x86)/gnu tools arm embedded/8 2019-q3-update/bin/../lib/gcc/arm-none-eabi/8.3.1/../../../../arm-none-eabi/lib/thumb/v7-m/nofp\libc_nano.a(lib_a-impure.o)
                                                  c:/program files (x86)/gnu tools arm embedded/8 2019-q3-update/bin/../lib/gcc/arm-none-eabi/8.3.1/../../../../arm-none-eabi/lib/thumb/v7-m/nofp\libc_nano.a(lib_a-exit.o)
_impure_ptr                                       c:/program files (x86)/gnu tools arm embedded/8 2019-q3-update/bin/../lib/gcc/arm-none-eabi/8.3.1/../../../../arm-none-eabi/lib/thumb/v7-m/nofp\libc_nano.a(lib_a-impure.o)
_init                                             c:/program files (x86)/gnu tools arm embedded/8 2019-q3-update/bin/../lib/gcc/arm-none-eabi/8.3.1/thumb/v7-m/nofp/crti.o
                                                  c:/program files (x86)/gnu tools arm embedded/8 2019-q3-update/bin/../lib/gcc/arm-none-eabi/8.3.1/../../../../arm-none-eabi/lib/thumb/v7-m/nofp\libc_nano.a(lib_a-init.o)
_mainCRTStartup                                   c:/program files (x86)/gnu tools arm embedded/8 2019-q3-update/bin/../lib/gcc/arm-none-eabi/8.3.1/../../../../arm-none-eabi/lib/thumb/v7-m/nofp/crt0.o
_sbss                                             build/startup_stm32f103xb.o
_sdata                                            build/startup_stm32f103xb.o
_sidata                                           build/startup_stm32f103xb.o
_start                                            c:/program files (x86)/gnu tools arm embedded/8 2019-q3-update/bin/../lib/gcc/arm-none-eabi/8.3.1/../../../../arm-none-eabi/lib/thumb/v7-m/nofp/crt0.o
atexit                                            c:/program files (x86)/gnu tools arm embedded/8 2019-q3-update/bin/../lib/gcc/arm-none-eabi/8.3.1/../../../../arm-none-eabi/lib/thumb/v7-m/nofp/crt0.o
eTaskGetState                                     build/tasks.o
                                                  build/cmsis_os2.o
exit                                              c:/program files (x86)/gnu tools arm embedded/8 2019-q3-update/bin/../lib/gcc/arm-none-eabi/8.3.1/../../../../arm-none-eabi/lib/thumb/v7-m/nofp\libc_nano.a(lib_a-exit.o)
                                                  c:/program files (x86)/gnu tools arm embedded/8 2019-q3-update/bin/../lib/gcc/arm-none-eabi/8.3.1/../../../../arm-none-eabi/lib/thumb/v7-m/nofp/crt0.o
g_pfnVectors                                      build/startup_stm32f103xb.o
hardware_init_hook                                c:/program files (x86)/gnu tools arm embedded/8 2019-q3-update/bin/../lib/gcc/arm-none-eabi/8.3.1/../../../../arm-none-eabi/lib/thumb/v7-m/nofp/crt0.o
htim2                                             build/main.o
htim4                                             build/stm32f1xx_hal_timebase_tim.o
                                                  build/stm32f1xx_it.o
main                                              build/main.o
                                                  build/startup_stm32f103xb.o
                                                  c:/program files (x86)/gnu tools arm embedded/8 2019-q3-update/bin/../lib/gcc/arm-none-eabi/8.3.1/../../../../arm-none-eabi/lib/thumb/v7-m/nofp/crt0.o
memcpy                                            c:/program files (x86)/gnu tools arm embedded/8 2019-q3-update/bin/../lib/gcc/arm-none-eabi/8.3.1/../../../../arm-none-eabi/lib/thumb/v7-m/nofp\libc_nano.a(lib_a-memcpy-stub.o)
                                                  build/cmsis_os2.o
                                                  build/stream_buffer.o
                                                  build/queue.o
memset                                            c:/program files (x86)/gnu tools arm embedded/8 2019-q3-update/bin/../lib/gcc/arm-none-eabi/8.3.1/../../../../arm-none-eabi/lib/thumb/v7-m/nofp\libc_nano.a(lib_a-memset.o)
                                                  build/tasks.o
                                                  build/stream_buffer.o
                                                  build/main.o
                                                  c:/program files (x86)/gnu tools arm embedded/8 2019-q3-update/bin/../lib/gcc/arm-none-eabi/8.3.1/../../../../arm-none-eabi/lib/thumb/v7-m/nofp/crt0.o
osDelay                                           build/cmsis_os2.o
                                                  build/main.o
osDelayUntil                                      build/cmsis_os2.o
osEventFlagsClear                                 build/cmsis_os2.o
osEventFlagsDelete                                build/cmsis_os2.o
osEventFlagsGet                                   build/cmsis_os2.o
osEventFlagsNew                                   build/cmsis_os2.o
osEventFlagsSet                                   build/cmsis_os2.o
osEventFlagsWait                                  build/cmsis_os2.o
osKernelGetInfo                                   build/cmsis_os2.o
osKernelGetState                                  build/cmsis_os2.o
osKernelGetSysTimerCount                          build/cmsis_os2.o
osKernelGetSysTimerFreq                           build/cmsis_os2.o
osKernelGetTickCount                              build/cmsis_os2.o
osKernelGetTickFreq                               build/cmsis_os2.o
osKernelInitialize                                build/cmsis_os2.o
                                                  build/main.o
osKernelLock                                      build/cmsis_os2.o
osKernelRestoreLock                               build/cmsis_os2.o
osKernelStart                                     build/cmsis_os2.o
                                                  build/main.o
osKernelUnlock                                    build/cmsis_os2.o
osMessageQueueDelete                              build/cmsis_os2.o
osMessageQueueGet                                 build/cmsis_os2.o
osMessageQueueGetCapacity                         build/cmsis_os2.o
osMessageQueueGetCount                            build/cmsis_os2.o
osMessageQueueGetMsgSize                          build/cmsis_os2.o
osMessageQueueGetSpace                            build/cmsis_os2.o
osMessageQueueNew                                 build/cmsis_os2.o
osMessageQueuePut                                 build/cmsis_os2.o
osMessageQueueReset                               build/cmsis_os2.o
osMutexAcquire                                    build/cmsis_os2.o
osMutexDelete                                     build/cmsis_os2.o
osMutexGetOwner                                   build/cmsis_os2.o
osMutexNew                                        build/cmsis_os2.o
osMutexRelease                                    build/cmsis_os2.o
osSemaphoreAcquire                                build/cmsis_os2.o
osSemaphoreDelete                                 build/cmsis_os2.o
osSemaphoreGetCount                               build/cmsis_os2.o
osSemaphoreNew                                    build/cmsis_os2.o
osSemaphoreRelease                                build/cmsis_os2.o
osThreadEnumerate                                 build/cmsis_os2.o
osThreadExit                                      build/cmsis_os2.o
osThreadFlagsClear                                build/cmsis_os2.o
osThreadFlagsGet                                  build/cmsis_os2.o
osThreadFlagsSet                                  build/cmsis_os2.o
osThreadFlagsWait                                 build/cmsis_os2.o
osThreadGetCount                                  build/cmsis_os2.o
osThreadGetId                                     build/cmsis_os2.o
osThreadGetName                                   build/cmsis_os2.o
osThreadGetPriority                               build/cmsis_os2.o
osThreadGetStackSize                              build/cmsis_os2.o
osThreadGetStackSpace                             build/cmsis_os2.o
osThreadGetState                                  build/cmsis_os2.o
osThreadNew                                       build/cmsis_os2.o
                                                  build/main.o
osThreadResume                                    build/cmsis_os2.o
osThreadSetPriority                               build/cmsis_os2.o
osThreadSuspend                                   build/cmsis_os2.o
osThreadTerminate                                 build/cmsis_os2.o
osThreadYield                                     build/cmsis_os2.o
osTimerDelete                                     build/cmsis_os2.o
osTimerGetName                                    build/cmsis_os2.o
osTimerIsRunning                                  build/cmsis_os2.o
osTimerNew                                        build/cmsis_os2.o
osTimerStart                                      build/cmsis_os2.o
osTimerStop                                       build/cmsis_os2.o
pFlash                                            build/stm32f1xx_hal_flash.o
                                                  build/stm32f1xx_hal_flash_ex.o
pcQueueGetName                                    build/queue.o
pcTaskGetName                                     build/tasks.o
                                                  build/cmsis_os2.o
pcTimerGetName                                    build/timers.o
                                                  build/cmsis_os2.o
pvPortMalloc                                      build/heap_4.o
                                                  build/cmsis_os2.o
                                                  build/timers.o
                                                  build/tasks.o
                                                  build/stream_buffer.o
                                                  build/queue.o
                                                  build/event_groups.o
pvTaskIncrementMutexHeldCount                     build/tasks.o